<html>
<body>
<pre>
<h1>µVision Build Log</h1>
<h2>Tool Versions:</h2>
IDE-Version: ¦ÌVision V5.35.0.0
Copyright (C) 2021 ARM Ltd and ARM Germany GmbH. All rights reserved.
License Information:  ,  , LIC=UJWP0-BPDQ6-SBAEJ-UKGWE-VMY3Y-EN9VF
 
Tool Versions:
Toolchain:       MDK-ARM Plus  Version: 5.35.0.2
Toolchain Path:  D:\EmbededSystem\keil5\ARM\ARMCC\Bin
C Compiler:      Armcc.exe V5.06 update 7 (build 960)
Assembler:       Armasm.exe V5.06 update 7 (build 960)
Linker/Locator:  ArmLink.exe V5.06 update 7 (build 960)
Library Manager: ArmAr.exe V5.06 update 7 (build 960)
Hex Converter:   FromElf.exe V5.06 update 7 (build 960)
CPU DLL:         SARMCM3.DLL V5.35.0.2
Dialog DLL:      DCM.DLL V1.17.3.0
Target DLL:      STLink\ST-LINKIII-KEIL_SWO.dll V3.0.9.0
Dialog DLL:      TCM.DLL V1.53.0.0
 
<h2>Project:</h2>
G:\MicroChip\Ethercat\SOEMPrj\SOEM_STM32F4_Master3_25\MDK-ARM\SOEM_STM32F4_Master.uvprojx
Project File Date:  03/31/2026

<h2>Output:</h2>
*** Using Compiler 'V5.06 update 7 (build 960)', folder: 'D:\EmbededSystem\keil5\ARM\ARMCC\Bin'
Build target 'SOEM_STM32F4_Master'
compiling main.c...
../Core/Src/main.c(353): warning:  #550-D: variable "debug_buf"  was set but never used
      static char debug_buf[16];
../Core/Src/main.c(949): warning:  #181-D: argument is incompatible with corresponding format string conversion
          sprintf(buf, "  SYNC0 start time: %llu ns (DC+%llu ns)", start_time, DC_SYNC0_SHIFT + 10000000);
../Core/Src/main.c(93): warning:  #177-D: function "DWT_Init"  was declared but never referenced
  static inline void DWT_Init(void)
../Core/Src/main.c(130): warning:  #177-D: function "get_us_time"  was declared but never referenced
  static inline uint32_t get_us_time(void)
../Core/Src/main.c: 4 warnings, 0 errors
linking...
Program Size: Code=50608 RO-data=1516 RW-data=276 ZI-data=113584  
FromELF: creating hex file...
"SOEM_STM32F4_Master\SOEM_STM32F4_Master.axf" - 0 Error(s), 4 Warning(s).

<h2>Software Packages used:</h2>

Package Vendor: ARM
                http://www.keil.com/pack/ARM.CMSIS.5.8.0.pack
                ARM.CMSIS.5.8.0
                CMSIS (Common Microcontroller Software Interface Standard)
   * Component: CORE Version: 5.5.0

Package Vendor: Keil
                https://www.keil.com/pack/Keil.STM32F4xx_DFP.2.17.0.pack
                Keil.STM32F4xx_DFP.2.17.0
                STMicroelectronics STM32F4 Series Device Support, Drivers and Examples

<h2>Collection of Component include folders:</h2>
  .\RTE\_SOEM_STM32F4_Master
  D:\EmbededSystem\keil5\Packs\ARM\CMSIS\5.8.0\CMSIS\Core\Include
  D:\EmbededSystem\keil5\Packs\Keil\STM32F4xx_DFP\2.17.0\Drivers\CMSIS\Device\ST\STM32F4xx\Include

<h2>Collection of Component Files used:</h2>

   * Component: ARM::CMSIS:CORE:5.5.0
      Include file:  CMSIS\Core\Include\tz_context.h
Build Time Elapsed:  00:00:03
</pre>
</body>
</html>
