Component: ARM Compiler 5.06 update 7 (build 960) Tool: armlink [4d3601]

==============================================================================

Section Cross References

    startup_stm32f407xx.o(RESET) refers to startup_stm32f407xx.o(STACK) for __initial_sp
    startup_stm32f407xx.o(RESET) refers to startup_stm32f407xx.o(.text) for Reset_Handler
    startup_stm32f407xx.o(RESET) refers to stm32f4xx_it.o(i.NMI_Handler) for NMI_Handler
    startup_stm32f407xx.o(RESET) refers to stm32f4xx_it.o(i.HardFault_Handler) for HardFault_Handler
    startup_stm32f407xx.o(RESET) refers to stm32f4xx_it.o(i.MemManage_Handler) for MemManage_Handler
    startup_stm32f407xx.o(RESET) refers to stm32f4xx_it.o(i.BusFault_Handler) for BusFault_Handler
    startup_stm32f407xx.o(RESET) refers to stm32f4xx_it.o(i.UsageFault_Handler) for UsageFault_Handler
    startup_stm32f407xx.o(RESET) refers to stm32f4xx_it.o(i.SVC_Handler) for SVC_Handler
    startup_stm32f407xx.o(RESET) refers to stm32f4xx_it.o(i.DebugMon_Handler) for DebugMon_Handler
    startup_stm32f407xx.o(RESET) refers to stm32f4xx_it.o(i.PendSV_Handler) for PendSV_Handler
    startup_stm32f407xx.o(RESET) refers to stm32f4xx_it.o(i.SysTick_Handler) for SysTick_Handler
    startup_stm32f407xx.o(RESET) refers to stm32f4xx_it.o(i.TIM3_IRQHandler) for TIM3_IRQHandler
    startup_stm32f407xx.o(RESET) refers to stm32f4xx_it.o(i.USART1_IRQHandler) for USART1_IRQHandler
    startup_stm32f407xx.o(RESET) refers to stm32f4xx_it.o(i.ETH_IRQHandler) for ETH_IRQHandler
    startup_stm32f407xx.o(.text) refers to system_stm32f4xx.o(i.SystemInit) for SystemInit
    startup_stm32f407xx.o(.text) refers to entry.o(.ARM.Collect$$$$00000000) for __main
    main.o(i.Diagnose_EtherCAT_Frame) refers to main.o(i.UART_SendLine) for UART_SendLine
    main.o(i.Diagnose_EtherCAT_Frame) refers to ethercatbase.o(i.ecx_BRD) for ecx_BRD
    main.o(i.Diagnose_EtherCAT_Frame) refers to printfa.o(i.__0sprintf) for __2sprintf
    main.o(i.Diagnose_EtherCAT_Frame) refers to ethercatbase.o(i.ecx_FPRD) for ecx_FPRD
    main.o(i.Diagnose_EtherCAT_Frame) refers to stm32f4xx_hal.o(i.HAL_Delay) for HAL_Delay
    main.o(i.Diagnose_EtherCAT_Frame) refers to ethercatbase.o(i.ecx_APWR) for ecx_APWR
    main.o(i.Diagnose_EtherCAT_Frame) refers to nicdrv_stm32.o(.bss) for ecx_port
    main.o(i.Diagnose_EtherCAT_Frame) refers to main.o(.constdata) for .constdata
    main.o(i.EtherCAT_Cyclic_Task) refers to stm32f4xx_hal.o(i.HAL_GetTick) for HAL_GetTick
    main.o(i.EtherCAT_Cyclic_Task) refers to main.o(i.Motor_State_Machine) for Motor_State_Machine
    main.o(i.EtherCAT_Cyclic_Task) refers to ethercatbase.o(i.ecx_FPRD) for ecx_FPRD
    main.o(i.EtherCAT_Cyclic_Task) refers to ethercatbase.o(i.ecx_FPWR) for ecx_FPWR
    main.o(i.EtherCAT_Cyclic_Task) refers to ethercatmain.o(i.ec_send_processdata) for ec_send_processdata
    main.o(i.EtherCAT_Cyclic_Task) refers to ethercatmain.o(i.ec_receive_processdata) for ec_receive_processdata
    main.o(i.EtherCAT_Cyclic_Task) refers to printfa.o(i.__0sprintf) for __2sprintf
    main.o(i.EtherCAT_Cyclic_Task) refers to main.o(i.UART_SendLine) for UART_SendLine
    main.o(i.EtherCAT_Cyclic_Task) refers to ethercatmain.o(i.ec_readstate) for ec_readstate
    main.o(i.EtherCAT_Cyclic_Task) refers to main.o(i.Get_State_String) for Get_State_String
    main.o(i.EtherCAT_Cyclic_Task) refers to f2d.o(.text) for __aeabi_f2d
    main.o(i.EtherCAT_Cyclic_Task) refers to main.o(.data) for last_cycle
    main.o(i.EtherCAT_Cyclic_Task) refers to ethercatmain.o(.bss) for ec_group
    main.o(i.EtherCAT_Cyclic_Task) refers to ethercatmain.o(.data) for ec_DCtime
    main.o(i.EtherCAT_Cyclic_Task) refers to nicdrv_stm32.o(.bss) for ecx_port
    main.o(i.EtherCAT_Init) refers to main.o(i.UART_SendLine) for UART_SendLine
    main.o(i.EtherCAT_Init) refers to eth.o(i.ETH_GetLinkStatus) for ETH_GetLinkStatus
    main.o(i.EtherCAT_Init) refers to stm32f4xx_hal_eth.o(i.HAL_ETH_ReadPHYRegister) for HAL_ETH_ReadPHYRegister
    main.o(i.EtherCAT_Init) refers to printfa.o(i.__0sprintf) for __2sprintf
    main.o(i.EtherCAT_Init) refers to ethercatmain.o(i.ec_close) for ec_close
    main.o(i.EtherCAT_Init) refers to stm32f4xx_hal.o(i.HAL_Delay) for HAL_Delay
    main.o(i.EtherCAT_Init) refers to ethercatmain.o(i.ec_init) for ec_init
    main.o(i.EtherCAT_Init) refers to ethercatbase.o(i.ecx_FPRD) for ecx_FPRD
    main.o(i.EtherCAT_Init) refers to ethercatmain.o(i.ec_config_init) for ec_config_init
    main.o(i.EtherCAT_Init) refers to eth.o(.bss) for heth
    main.o(i.EtherCAT_Init) refers to eth.o(.data) for LAN8720A_PHY_ADDRESS
    main.o(i.EtherCAT_Init) refers to main.o(.data) for ec_initialized
    main.o(i.EtherCAT_Init) refers to tim.o(.bss) for htim2
    main.o(i.EtherCAT_Init) refers to nicdrv_stm32.o(.bss) for ecx_port
    main.o(i.EtherCAT_Init) refers to ethercatmain.o(i.ec_writestate) for ec_writestate
    main.o(i.EtherCAT_Init) refers to ethercatmain.o(.bss) for ec_slave
[...]
    i.__scatterload_null                     0x0800931a   Section        2  handlers.o(i.__scatterload_null)
    i.__scatterload_zeroinit                 0x0800931c   Section       14  handlers.o(i.__scatterload_zeroinit)
    i.__set_errno                            0x0800932c   Section        0  errno.o(i.__set_errno)
    i._fp_digits                             0x08009338   Section        0  printfa.o(i._fp_digits)
    _fp_digits                               0x08009339   Thumb Code   366  printfa.o(i._fp_digits)
    i._is_digit                              0x080094bc   Section        0  scanf_fp.o(i._is_digit)
    i._osal_gettick_us                       0x080094cc   Section        0  osal_stm32.o(i._osal_gettick_us)
    _osal_gettick_us                         0x080094cd   Thumb Code     8  osal_stm32.o(i._osal_gettick_us)
    i._printf_core                           0x080094d8   Section        0  printfa.o(i._printf_core)
    _printf_core                             0x080094d9   Thumb Code  1704  printfa.o(i._printf_core)
    i._printf_post_padding                   0x08009b8c   Section        0  printfa.o(i._printf_post_padding)
    _printf_post_padding                     0x08009b8d   Thumb Code    36  printfa.o(i._printf_post_padding)
    i._printf_pre_padding                    0x08009bb0   Section        0  printfa.o(i._printf_pre_padding)
    _printf_pre_padding                      0x08009bb1   Thumb Code    46  printfa.o(i._printf_pre_padding)
    i._snputc                                0x08009bde   Section        0  printfa.o(i._snputc)
    _snputc                                  0x08009bdf   Thumb Code    22  printfa.o(i._snputc)
    i._sputc                                 0x08009bf4   Section        0  printfa.o(i._sputc)
    _sputc                                   0x08009bf5   Thumb Code    10  printfa.o(i._sputc)
    i.ec_ALstatuscode2string                 0x08009c00   Section        0  ethercatprint.o(i.ec_ALstatuscode2string)
    i.ec_clearmbx                            0x0800a024   Section        0  ethercatcoe.o(i.ec_clearmbx)
    ec_clearmbx                              0x0800a025   Thumb Code     8  ethercatcoe.o(i.ec_clearmbx)
    i.ec_close                               0x0800a02c   Section        0  ethercatmain.o(i.ec_close)
    i.ec_config_init                         0x0800a038   Section        0  ethercatmain.o(i.ec_config_init)
    i.ec_config_map_group                    0x0800a044   Section        0  ethercatmain.o(i.ec_config_map_group)
    i.ec_init                                0x0800a054   Section        0  ethercatmain.o(i.ec_init)
    i.ec_nextmbxcnt                          0x0800a074   Section        0  ethercatcoe.o(i.ec_nextmbxcnt)
    ec_nextmbxcnt                            0x0800a075   Thumb Code    12  ethercatcoe.o(i.ec_nextmbxcnt)
    i.ec_readstate                           0x0800a080   Section        0  ethercatmain.o(i.ec_readstate)
    i.ec_receive_processdata                 0x0800a08c   Section        0  ethercatmain.o(i.ec_receive_processdata)
    i.ec_receive_processdata_group           0x0800a094   Section        0  ethercatmain.o(i.ec_receive_processdata_group)
    i.ec_send_processdata                    0x0800a0a4   Section        0  ethercatmain.o(i.ec_send_processdata)
    i.ec_send_processdata_group              0x0800a0ac   Section        0  ethercatmain.o(i.ec_send_processdata_group)
    i.ec_writestate                          0x0800a0b8   Section        0  ethercatmain.o(i.ec_writestate)
    i.ecx_APWR                               0x0800a0c4   Section        0  ethercatbase.o(i.ecx_APWR)
    i.ecx_BRD                                0x0800a0da   Section        0  ethercatbase.o(i.ecx_BRD)
    i.ecx_BWR                                0x0800a0f0   Section        0  ethercatbase.o(i.ecx_BWR)
    i.ecx_FPRD                               0x0800a106   Section        0  ethercatbase.o(i.ecx_FPRD)
    i.ecx_FPWR                               0x0800a11c   Section        0  ethercatbase.o(i.ecx_FPWR)
    i.ecx_LRD                                0x0800a132   Section        0  ethercatbase.o(i.ecx_LRD)
    i.ecx_LWR                                0x0800a146   Section        0  ethercatbase.o(i.ecx_LWR)
    i.ecx_SDOread                            0x0800a15c   Section        0  ethercatcoe.o(i.ecx_SDOread)
    i.ecx_adddatagram                        0x0800a674   Section        0  ethercatbase.o(i.ecx_adddatagram)
    i.ecx_closenic                           0x0800a6f0   Section        0  nicdrv_stm32.o(i.ecx_closenic)
    i.ecx_command                            0x0800a6fc   Section        0  ethercatbase.o(i.ecx_command)
    ecx_command                              0x0800a6fd   Thumb Code   226  ethercatbase.o(i.ecx_command)
    i.ecx_config_init                        0x0800a7e0   Section        0  ethercatmain.o(i.ecx_config_init)
    i.ecx_config_map_group                   0x0800a948   Section        0  ethercatmain.o(i.ecx_config_map_group)
    i.ecx_dcsync0                            0x0800aba2   Section        0  ethercatdc.o(i.ecx_dcsync0)
    i.ecx_getindex                           0x0800ac5c   Section        0  nicdrv_stm32.o(i.ecx_getindex)
    i.ecx_init_context                       0x0800aca4   Section        0  ethercatmain.o(i.ecx_init_context)
    ecx_init_context                         0x0800aca5   Thumb Code    64  ethercatmain.o(i.ecx_init_context)
    i.ecx_mbxreceive_local                   0x0800acfc   Section        0  ethercatcoe.o(i.ecx_mbxreceive_local)
    ecx_mbxreceive_local                     0x0800acfd   Thumb Code   422  ethercatcoe.o(i.ecx_mbxreceive_local)
    i.ecx_mbxsend_local                      0x0800b018   Section        0  ethercatcoe.o(i.ecx_mbxsend_local)
    ecx_mbxsend_local                        0x0800b019   Thumb Code   846  ethercatcoe.o(i.ecx_mbxsend_local)
    i.ecx_outframe                           0x0800b5dc   Section        0  nicdrv_stm32.o(i.ecx_outframe)
    i.ecx_read_slavename                     0x0800b678   Section        0  ethercatmain.o(i.ecx_read_slavename)
    ecx_read_slavename                       0x0800b679   Thumb Code   188  ethercatmain.o(i.ecx_read_slavename)
    i.ecx_readeeprom                         0x0800b73c   Section        0  ethercatmain.o(i.ecx_readeeprom)
    i.ecx_readstate                          0x0800b7f4   Section        0  ethercatmain.o(i.ecx_readstate)
    i.ecx_receive_packet                     0x0800b85c   Section        0  nicdrv_stm32.o(i.ecx_receive_packet)
    i.ecx_receive_poll                       0x0800b8c0   Section        0  nicdrv_stm32.o(i.ecx_receive_poll)
    ecx_receive_poll                         0x0800b8c1   Thumb Code   138  nicdrv_stm32.o(i.ecx_receive_poll)
    i.ecx_receive_processdata_group          0x0800b950   Section        0  ethercatmain.o(i.ecx_receive_processdata_group)
    i.ecx_send_processdata_group             0x0800ba00   Section        0  ethercatmain.o(i.ecx_send_processdata_group)
    i.ecx_setbufstat                         0x0800bb84   Section        0  nicdrv_stm32.o(i.ecx_setbufstat)
    i.ecx_setupdatagram                      0x0800bb94   Section        0  ethercatbase.o(i.ecx_setupdatagram)
    i.ecx_setupnic                           0x0800bc1c   Section        0  nicdrv_stm32.o(i.ecx_setupnic)
    i.ecx_waitinframe                        0x0800bcd8   Section        0  nicdrv_stm32.o(i.ecx_waitinframe)
    i.ecx_writestate                         0x0800bd2c   Section        0  ethercatmain.o(i.ecx_writestate)
    i.etohl                                  0x0800bd72   Section        0  ethercatbase.o(i.etohl)
    i.etohs                                  0x0800bd74   Section        0  ethercatbase.o(i.etohs)
    i.fputc                                  0x0800bd78   Section        0  usart.o(i.fputc)
    i.htoell                                 0x0800bd8c   Section        0  ethercatbase.o(i.htoell)
    i.htoes                                  0x0800bd8e   Section        0  ethercatbase.o(i.htoes)
    i.main                                   0x0800bd90   Section        0  main.o(i.main)
    i.osal_current_time                      0x0800c1e4   Section        0  osal_stm32.o(i.osal_current_time)
    i.osal_timer_is_expired                  0x0800c204   Section        0  osal_stm32.o(i.osal_timer_is_expired)
    i.osal_timer_start                       0x0800c228   Section        0  osal_stm32.o(i.osal_timer_start)
    i.osal_usleep                            0x0800c268   Section        0  osal_stm32.o(i.osal_usleep)
    i.oshw_htons                             0x0800c294   Section        0  nicdrv_stm32.o(i.oshw_htons)
    .constdata                               0x0800c298   Section        8  main.o(.constdata)
    .constdata                               0x0800c2a0   Section       16  system_stm32f4xx.o(.constdata)
    .constdata                               0x0800c2b0   Section        8  system_stm32f4xx.o(.constdata)
    .constdata                               0x0800c2b8   Section       12  ethercatbase.o(.constdata)
    eth_broadcast                            0x0800c2b8   Data           6  ethercatbase.o(.constdata)
    eth_srcmac                               0x0800c2be   Data           6  ethercatbase.o(.constdata)
    .constdata                               0x0800c2c4   Section       64  ctype_c.o(.constdata)
    .conststring                             0x0800c304   Section      897  main.o(.conststring)
    .conststring                             0x0800c688   Section       68  ethercatmain.o(.conststring)
    .bss                                     0x20000000   Section     6112  eth.o(.bss)
    .bss                                     0x200017e0   Section    66228  ethercatmain.o(.bss)
    lrwdata                                  0x200017e0   Data          64  ethercatmain.o(.bss)
    esibuf                                   0x20010894   Data        4096  ethercatmain.o(.bss)
    esimap                                   0x20011894   Data         512  ethercatmain.o(.bss)
    .bss                                     0x20011a94   Section    25964  nicdrv_stm32.o(.bss)
    STACK                                    0x20018000   Section     8192  startup_stm32f407xx.o(STACK)
    .data                                    0x2001c000   Section      202  main.o(.data)
    dc_time_offset                           0x2001c000   Data           8  main.o(.data)
    last_cyccnt                              0x2001c008   Data           4  main.o(.data)
    last_was_cr                              0x2001c074   Data           1  main.o(.data)
    debug_idx                                0x2001c075   Data           1  main.o(.data)
    last_cycle                               0x2001c078   Data           4  main.o(.data)
    in_op                                    0x2001c07c   Data           1  main.o(.data)
    op_requested                             0x2001c07d   Data           1  main.o(.data)
    last_fault_time                          0x2001c080   Data           4  main.o(.data)
    last_state                               0x2001c084   Data           1  main.o(.data)
    last_manual                              0x2001c085   Data           1  main.o(.data)
    last_written_cw                          0x2001c086   Data           2  main.o(.data)
    last_init_log                            0x2001c088   Data           4  main.o(.data)
    wake_up_step                             0x2001c08c   Data           1  main.o(.data)
    post_init_phase                          0x2001c08d   Data           1  main.o(.data)
    wake_step                                0x2001c08e   Data           1  main.o(.data)
    last_wake_time                           0x2001c090   Data           4  main.o(.data)
    last_post_log                            0x2001c094   Data           4  main.o(.data)
    last_post_log                            0x2001c098   Data           4  main.o(.data)
    last_cycle                               0x2001c09c   Data           4  main.o(.data)
    state_check_counter                      0x2001c0a0   Data           4  main.o(.data)
    pdo_print_counter                        0x2001c0a4   Data           4  main.o(.data)
    last_wkc                                 0x2001c0a8   Data           4  main.o(.data)
    cycle_counter                            0x2001c0ac   Data           4  main.o(.data)
    dc_time_ms                               0x2001c0b0   Data           4  main.o(.data)
    dc_initialized                           0x2001c0b4   Data           1  main.o(.data)
    sm_check_counter                         0x2001c0b8   Data           4  main.o(.data)
    wkc_print_counter                        0x2001c0bc   Data           4  main.o(.data)
    loop_counter                             0x2001c0c0   Data           4  main.o(.data)
    last_al_check                            0x2001c0c4   Data           4  main.o(.data)
    last_al_status                           0x2001c0c8   Data           2  main.o(.data)
    .data                                    0x2001c0cc   Section       14  eth.o(.data)
    rx_buffer_index                          0x2001c0d0   Data           4  eth.o(.data)
    MACAddr                                  0x2001c0d4   Data           6  eth.o(.data)
    .data                                    0x2001c0dc   Section        4  usart.o(.data)
    .data                                    0x2001c0e0   Section       12  stm32f4xx_hal.o(.data)
    .data                                    0x2001c0ec   Section        4  system_stm32f4xx.o(.data)
    .data                                    0x2001c0f0   Section       24  ethercatmain.o(.data)
    debug_counter                            0x2001c0f8   Data           4  ethercatmain.o(.data)
    debug_counter                            0x2001c0fc   Data           4  ethercatmain.o(.data)
    .data                                    0x2001c108   Section        4  errno.o(.data)
    _errno                                   0x2001c108   Data           4  errno.o(.data)
    .bss                                     0x2001c10c   Section       80  main.o(.bss)
    debug_buf                                0x2001c14c   Data          16  main.o(.bss)
    .bss                                     0x2001c15c   Section     6792  eth.o(.bss)
    eth_buf                                  0x2001dab4   Data         128  eth.o(.bss)
    .bss                                     0x2001dbe4   Section      144  tim.o(.bss)
    .bss                                     0x2001dc74   Section       72  usart.o(.bss)

    Global Symbols

    Symbol Name                              Value     Ov Type        Size  Object(Section)

    BuildAttributes$$THM_ISAv4$E$P$D$K$B$S$7EM$VFPi3$EXTD16$VFPS$VFMA$PE$A:L22UL41UL21$X:L11$S22US41US21$IEEE1$IW$USESV6$~STKCKD$USESV7$~SHL$OTIME$ROPI$IEEEJ$EBA8$MICROLIB$REQ8$PRES8$EABIv2 0x00000000   Number         0  anon$$obj.o ABSOLUTE
    __ARM_use_no_argv                        0x00000000   Number         0  main.o ABSOLUTE
    __use_no_errno                           0x00000000   Number         0  useno.o ABSOLUTE
    __use_no_exception_handling              0x00000000   Number         0  useno.o ABSOLUTE
    __use_no_fp                              0x00000000   Number         0  useno.o ABSOLUTE
    __use_no_heap                            0x00000000   Number         0  useno.o ABSOLUTE
    __use_no_heap_region                     0x00000000   Number         0  useno.o ABSOLUTE
    __use_no_semihosting                     0x00000000   Number         0  useno.o ABSOLUTE
    __use_no_semihosting_swi                 0x00000000   Number         0  useno.o ABSOLUTE
    __use_no_signal_handling                 0x00000000   Number         0  useno.o ABSOLUTE
    _printf_a                                0x00000000   Number         0  stubs.o ABSOLUTE
    _printf_c                                0x00000000   Number         0  stubs.o ABSOLUTE
    _printf_charcount                        0x00000000   Number         0  stubs.o ABSOLUTE
    _printf_d                                0x00000000   Number         0  stubs.o ABSOLUTE
    _printf_e                                0x00000000   Number         0  stubs.o ABSOLUTE
    _printf_f                                0x00000000   Number         0  stubs.o ABSOLUTE
    _printf_flags                            0x00000000   Number         0  stubs.o ABSOLUTE
    _printf_fp_dec                           0x00000000   Number         0  stubs.o ABSOLUTE
    _printf_fp_hex                           0x00000000   Number         0  stubs.o ABSOLUTE
    _printf_g                                0x00000000   Number         0  stubs.o ABSOLUTE
    _printf_i                                0x00000000   Number         0  stubs.o ABSOLUTE
    _printf_int_dec                          0x00000000   Number         0  stubs.o ABSOLUTE
    _printf_l                                0x00000000   Number         0  stubs.o ABSOLUTE
    _printf_lc                               0x00000000   Number         0  stubs.o ABSOLUTE
    _printf_ll                               0x00000000   Number         0  stubs.o ABSOLUTE
    _printf_lld                              0x00000000   Number         0  stubs.o ABSOLUTE
    _printf_lli                              0x00000000   Number         0  stubs.o ABSOLUTE
    _printf_llo                              0x00000000   Number         0  stubs.o ABSOLUTE
    _printf_llu                              0x00000000   Number         0  stubs.o ABSOLUTE
    _printf_llx                              0x00000000   Number         0  stubs.o ABSOLUTE
    _printf_longlong_dec                     0x00000000   Number         0  stubs.o ABSOLUTE
    _printf_longlong_hex                     0x00000000   Number         0  stubs.o ABSOLUTE
    _printf_longlong_oct                     0x00000000   Number         0  stubs.o ABSOLUTE
    _printf_ls                               0x00000000   Number         0  stubs.o ABSOLUTE
    _printf_mbtowc                           0x00000000   Number         0  stubs.o ABSOLUTE
    _printf_n                                0x00000000   Number         0  stubs.o ABSOLUTE
    _printf_o                                0x00000000   Number         0  stubs.o ABSOLUTE
    _printf_p                                0x00000000   Number         0  stubs.o ABSOLUTE
    _printf_percent                          0x00000000   Number         0  stubs.o ABSOLUTE
    _printf_pre_padding                      0x00000000   Number         0  stubs.o ABSOLUTE
    _printf_return_value                     0x00000000   Number         0  stubs.o ABSOLUTE
    _printf_s                                0x00000000   Number         0  stubs.o ABSOLUTE
    _printf_sizespec                         0x00000000   Number         0  stubs.o ABSOLUTE
    _printf_str                              0x00000000   Number         0  stubs.o ABSOLUTE
    _printf_truncate_signed                  0x00000000   Number         0  stubs.o ABSOLUTE
    _printf_truncate_unsigned                0x00000000   Number         0  stubs.o ABSOLUTE
    _printf_u                                0x00000000   Number         0  stubs.o ABSOLUTE
    _printf_wc                               0x00000000   Number         0  stubs.o ABSOLUTE
    _printf_wctomb                           0x00000000   Number         0  stubs.o ABSOLUTE
    _printf_widthprec                        0x00000000   Number         0  stubs.o ABSOLUTE
    _printf_x                                0x00000000   Number         0  stubs.o ABSOLUTE
    __arm_fini_                               - Undefined Weak Reference
    __cpp_initialize__aeabi_                  - Undefined Weak Reference
    __cxa_finalize                            - Undefined Weak Reference
    __decompress                              - Undefined Weak Reference
    _clock_init                               - Undefined Weak Reference
    _microlib_exit                            - Undefined Weak Reference
    __Vectors_Size                           0x00000188   Number         0  startup_stm32f407xx.o ABSOLUTE
    __Vectors                                0x08000000   Data           4  startup_stm32f407xx.o(RESET)
    __Vectors_End                            0x08000188   Data           0  startup_stm32f407xx.o(RESET)
    __main                                   0x08000189   Thumb Code     0  entry.o(.ARM.Collect$$$$00000000)
    _main_stk                                0x08000189   Thumb Code     0  entry2.o(.ARM.Collect$$$$00000001)
    _main_scatterload                        0x0800018d   Thumb Code     0  entry5.o(.ARM.Collect$$$$00000004)
    __main_after_scatterload                 0x08000191   Thumb Code     0  entry5.o(.ARM.Collect$$$$00000004)
    _main_clock                              0x08000191   Thumb Code     0  entry7b.o(.ARM.Collect$$$$00000008)
    _main_cpp_init                           0x08000191   Thumb Code     0  entry8b.o(.ARM.Collect$$$$0000000A)
    _main_init                               0x08000191   Thumb Code     0  entry9a.o(.ARM.Collect$$$$0000000B)
    __rt_lib_shutdown_fini                   0x08000199   Thumb Code     0  entry12b.o(.ARM.Collect$$$$0000000E)
    __rt_final_cpp                           0x0800019d   Thumb Code     0  entry10a.o(.ARM.Collect$$$$0000000F)
    __rt_final_exit                          0x0800019d   Thumb Code     0  entry11a.o(.ARM.Collect$$$$00000011)
    Reset_Handler                            0x080001a1   Thumb Code     8  startup_stm32f407xx.o(.text)
    ADC_IRQHandler                           0x080001bb   Thumb Code     0  startup_stm32f407xx.o(.text)
    CAN1_RX0_IRQHandler                      0x080001bb   Thumb Code     0  startup_stm32f407xx.o(.text)
    CAN1_RX1_IRQHandler                      0x080001bb   Thumb Code     0  startup_stm32f407xx.o(.text)
    CAN1_SCE_IRQHandler                      0x080001bb   Thumb Code     0  startup_stm32f407xx.o(.text)
    CAN1_TX_IRQHandler                       0x080001bb   Thumb Code     0  startup_stm32f407xx.o(.text)
    CAN2_RX0_IRQHandler                      0x080001bb   Thumb Code     0  startup_stm32f407xx.o(.text)
    CAN2_RX1_IRQHandler                      0x080001bb   Thumb Code     0  startup_stm32f407xx.o(.text)
    CAN2_SCE_IRQHandler                      0x080001bb   Thumb Code     0  startup_stm32f407xx.o(.text)
    CAN2_TX_IRQHandler                       0x080001bb   Thumb Code     0  startup_stm32f407xx.o(.text)
    DCMI_IRQHandler                          0x080001bb   Thumb Code     0  startup_stm32f407xx.o(.text)
    DMA1_Stream0_IRQHandler                  0x080001bb   Thumb Code     0  startup_stm32f407xx.o(.text)
    DMA1_Stream1_IRQHandler                  0x080001bb   Thumb Code     0  startup_stm32f407xx.o(.text)
    DMA1_Stream2_IRQHandler                  0x080001bb   Thumb Code     0  startup_stm32f407xx.o(.text)
    DMA1_Stream3_IRQHandler                  0x080001bb   Thumb Code     0  startup_stm32f407xx.o(.text)
    DMA1_Stream4_IRQHandler                  0x080001bb   Thumb Code     0  startup_stm32f407xx.o(.text)
    DMA1_Stream5_IRQHandler                  0x080001bb   Thumb Code     0  startup_stm32f407xx.o(.text)
    DMA1_Stream6_IRQHandler                  0x080001bb   Thumb Code     0  startup_stm32f407xx.o(.text)
    DMA1_Stream7_IRQHandler                  0x080001bb   Thumb Code     0  startup_stm32f407xx.o(.text)
    DMA2_Stream0_IRQHandler                  0x080001bb   Thumb Code     0  startup_stm32f407xx.o(.text)
    DMA2_Stream1_IRQHandler                  0x080001bb   Thumb Code     0  startup_stm32f407xx.o(.text)
    DMA2_Stream2_IRQHandler                  0x080001bb   Thumb Code     0  startup_stm32f407xx.o(.text)
    DMA2_Stream3_IRQHandler                  0x080001bb   Thumb Code     0  startup_stm32f407xx.o(.text)
    DMA2_Stream4_IRQHandler                  0x080001bb   Thumb Code     0  startup_stm32f407xx.o(.text)
    DMA2_Stream5_IRQHandler                  0x080001bb   Thumb Code     0  startup_stm32f407xx.o(.text)
    DMA2_Stream6_IRQHandler                  0x080001bb   Thumb Code     0  startup_stm32f407xx.o(.text)
    DMA2_Stream7_IRQHandler                  0x080001bb   Thumb Code     0  startup_stm32f407xx.o(.text)
    ETH_WKUP_IRQHandler                      0x080001bb   Thumb Code     0  startup_stm32f407xx.o(.text)
    EXTI0_IRQHandler                         0x080001bb   Thumb Code     0  startup_stm32f407xx.o(.text)
    EXTI15_10_IRQHandler                     0x080001bb   Thumb Code     0  startup_stm32f407xx.o(.text)
    EXTI1_IRQHandler                         0x080001bb   Thumb Code     0  startup_stm32f407xx.o(.text)
    EXTI2_IRQHandler                         0x080001bb   Thumb Code     0  startup_stm32f407xx.o(.text)
    EXTI3_IRQHandler                         0x080001bb   Thumb Code     0  startup_stm32f407xx.o(.text)
    EXTI4_IRQHandler                         0x080001bb   Thumb Code     0  startup_stm32f407xx.o(.text)
    EXTI9_5_IRQHandler                       0x080001bb   Thumb Code     0  startup_stm32f407xx.o(.text)
    FLASH_IRQHandler                         0x080001bb   Thumb Code     0  startup_stm32f407xx.o(.text)
    FMC_IRQHandler                           0x080001bb   Thumb Code     0  startup_stm32f407xx.o(.text)
    FPU_IRQHandler                           0x080001bb   Thumb Code     0  startup_stm32f407xx.o(.text)
    HASH_RNG_IRQHandler                      0x080001bb   Thumb Code     0  startup_stm32f407xx.o(.text)
    I2C1_ER_IRQHandler                       0x080001bb   Thumb Code     0  startup_stm32f407xx.o(.text)
    I2C1_EV_IRQHandler                       0x080001bb   Thumb Code     0  startup_stm32f407xx.o(.text)
    I2C2_ER_IRQHandler                       0x080001bb   Thumb Code     0  startup_stm32f407xx.o(.text)
    I2C2_EV_IRQHandler                       0x080001bb   Thumb Code     0  startup_stm32f407xx.o(.text)
    I2C3_ER_IRQHandler                       0x080001bb   Thumb Code     0  startup_stm32f407xx.o(.text)
    I2C3_EV_IRQHandler                       0x080001bb   Thumb Code     0  startup_stm32f407xx.o(.text)
    OTG_FS_IRQHandler                        0x080001bb   Thumb Code     0  startup_stm32f407xx.o(.text)
    OTG_FS_WKUP_IRQHandler                   0x080001bb   Thumb Code     0  startup_stm32f407xx.o(.text)
    OTG_HS_EP1_IN_IRQHandler                 0x080001bb   Thumb Code     0  startup_stm32f407xx.o(.text)
    OTG_HS_EP1_OUT_IRQHandler                0x080001bb   Thumb Code     0  startup_stm32f407xx.o(.text)
    OTG_HS_IRQHandler                        0x080001bb   Thumb Code     0  startup_stm32f407xx.o(.text)
    OTG_HS_WKUP_IRQHandler                   0x080001bb   Thumb Code     0  startup_stm32f407xx.o(.text)
    PVD_IRQHandler                           0x080001bb   Thumb Code     0  startup_stm32f407xx.o(.text)
    RCC_IRQHandler                           0x080001bb   Thumb Code     0  startup_stm32f407xx.o(.text)
    RTC_Alarm_IRQHandler                     0x080001bb   Thumb Code     0  startup_stm32f407xx.o(.text)
    RTC_WKUP_IRQHandler                      0x080001bb   Thumb Code     0  startup_stm32f407xx.o(.text)
    SDIO_IRQHandler                          0x080001bb   Thumb Code     0  startup_stm32f407xx.o(.text)
    SPI1_IRQHandler                          0x080001bb   Thumb Code     0  startup_stm32f407xx.o(.text)
    SPI2_IRQHandler                          0x080001bb   Thumb Code     0  startup_stm32f407xx.o(.text)
    SPI3_IRQHandler                          0x080001bb   Thumb Code     0  startup_stm32f407xx.o(.text)
    TAMP_STAMP_IRQHandler                    0x080001bb   Thumb Code     0  startup_stm32f407xx.o(.text)
    TIM1_BRK_TIM9_IRQHandler                 0x080001bb   Thumb Code     0  startup_stm32f407xx.o(.text)
    TIM1_CC_IRQHandler                       0x080001bb   Thumb Code     0  startup_stm32f407xx.o(.text)
    TIM1_TRG_COM_TIM11_IRQHandler            0x080001bb   Thumb Code     0  startup_stm32f407xx.o(.text)
    TIM1_UP_TIM10_IRQHandler                 0x080001bb   Thumb Code     0  startup_stm32f407xx.o(.text)
    TIM2_IRQHandler                          0x080001bb   Thumb Code     0  startup_stm32f407xx.o(.text)
    TIM4_IRQHandler                          0x080001bb   Thumb Code     0  startup_stm32f407xx.o(.text)
    TIM5_IRQHandler                          0x080001bb   Thumb Code     0  startup_stm32f407xx.o(.text)
    TIM6_DAC_IRQHandler                      0x080001bb   Thumb Code     0  startup_stm32f407xx.o(.text)
    TIM7_IRQHandler                          0x080001bb   Thumb Code     0  startup_stm32f407xx.o(.text)
    TIM8_BRK_TIM12_IRQHandler                0x080001bb   Thumb Code     0  startup_stm32f407xx.o(.text)
    TIM8_CC_IRQHandler                       0x080001bb   Thumb Code     0  startup_stm32f407xx.o(.text)
    TIM8_TRG_COM_TIM14_IRQHandler            0x080001bb   Thumb Code     0  startup_stm32f407xx.o(.text)
    TIM8_UP_TIM13_IRQHandler                 0x080001bb   Thumb Code     0  startup_stm32f407xx.o(.text)
    UART4_IRQHandler                         0x080001bb   Thumb Code     0  startup_stm32f407xx.o(.text)
    UART5_IRQHandler                         0x080001bb   Thumb Code     0  startup_stm32f407xx.o(.text)
    USART2_IRQHandler                        0x080001bb   Thumb Code     0  startup_stm32f407xx.o(.text)
    USART3_IRQHandler                        0x080001bb   Thumb Code     0  startup_stm32f407xx.o(.text)
    USART6_IRQHandler                        0x080001bb   Thumb Code     0  startup_stm32f407xx.o(.text)
    WWDG_IRQHandler                          0x080001bb   Thumb Code     0  startup_stm32f407xx.o(.text)
    __aeabi_uldivmod                         0x080001c5   Thumb Code    98  uldiv.o(.text)
    __aeabi_memcpy                           0x08000227   Thumb Code    36  memcpya.o(.text)
    __aeabi_memcpy4                          0x08000227   Thumb Code     0  memcpya.o(.text)
    __aeabi_memcpy8                          0x08000227   Thumb Code     0  memcpya.o(.text)
    __aeabi_memset                           0x0800024b   Thumb Code    14  memseta.o(.text)
    __aeabi_memset4                          0x0800024b   Thumb Code     0  memseta.o(.text)
    __aeabi_memset8                          0x0800024b   Thumb Code     0  memseta.o(.text)
    __aeabi_memclr                           0x08000259   Thumb Code     4  memseta.o(.text)
    __aeabi_memclr4                          0x08000259   Thumb Code     0  memseta.o(.text)
    __aeabi_memclr8                          0x08000259   Thumb Code     0  memseta.o(.text)
    _memset$wrapper                          0x0800025d   Thumb Code    18  memseta.o(.text)
    strlen                                   0x0800026f   Thumb Code    14  strlen.o(.text)
    strcmp                                   0x0800027d   Thumb Code    28  strcmp.o(.text)
    strncmp                                  0x08000299   Thumb Code    30  strncmp.o(.text)
    __aeabi_f2d                              0x080002b7   Thumb Code    38  f2d.o(.text)
    __aeabi_d2f                              0x080002dd   Thumb Code    56  d2f.o(.text)
    __aeabi_uidiv                            0x08000315   Thumb Code     0  uidiv.o(.text)
    __aeabi_uidivmod                         0x08000315   Thumb Code    44  uidiv.o(.text)
    __aeabi_llsl                             0x08000341   Thumb Code    30  llshl.o(.text)
    _ll_shift_l                              0x08000341   Thumb Code     0  llshl.o(.text)
    __aeabi_llsr                             0x0800035f   Thumb Code    32  llushr.o(.text)
    _ll_ushift_r                             0x0800035f   Thumb Code     0  llushr.o(.text)
    __strtod_int                             0x080003b7   Thumb Code    90  strtod.o(.text)
    __I$use$fp                               0x0800041d   Thumb Code     0  iusefp.o(.text)
    _float_round                             0x0800041d   Thumb Code    18  fepilogue.o(.text)
    _float_epilogue                          0x0800042f   Thumb Code    92  fepilogue.o(.text)
    __aeabi_dadd                             0x0800048b   Thumb Code   322  dadd.o(.text)
    __aeabi_dsub                             0x080005cd   Thumb Code     6  dadd.o(.text)
    __aeabi_drsub                            0x080005d3   Thumb Code     6  dadd.o(.text)
    __aeabi_dmul                             0x080005d9   Thumb Code   228  dmul.o(.text)
    __aeabi_ddiv                             0x080006bd   Thumb Code   222  ddiv.o(.text)
    __aeabi_d2ulz                            0x0800079b   Thumb Code    48  dfixul.o(.text)
    __aeabi_cdrcmple                         0x080007cd   Thumb Code    48  cdrcmple.o(.text)
    __scatterload                            0x080007fd   Thumb Code    28  init.o(.text)
    __scatterload_rt2                        0x080007fd   Thumb Code     0  init.o(.text)
    __aeabi_lasr                             0x08000821   Thumb Code    36  llsshr.o(.text)
    _ll_sshift_r                             0x08000821   Thumb Code     0  llsshr.o(.text)
    isspace                                  0x08000845   Thumb Code    10  isspace_c.o(.text)
    _scanf_real                              0x08000979   Thumb Code     0  scanf_fp.o(.text)
    _scanf_really_real                       0x08000979   Thumb Code   556  scanf_fp.o(.text)
    _sgetc                                   0x08000bb1   Thumb Code    30  _sgetc.o(.text)
    _sbackspace                              0x08000bcf   Thumb Code    34  _sgetc.o(.text)
    _double_round                            0x08000bf1   Thumb Code    30  depilogue.o(.text)
    _double_epilogue                         0x08000c0f   Thumb Code   156  depilogue.o(.text)
    __ctype_lookup                           0x08000cad   Thumb Code    34  ctype_c.o(.text)
    __aeabi_ul2d                             0x08000cd5   Thumb Code    24  dfltul.o(.text)
    BusFault_Handler                         0x08000ced   Thumb Code     2  stm32f4xx_it.o(i.BusFault_Handler)
    DebugMon_Handler                         0x08000cef   Thumb Code     2  stm32f4xx_it.o(i.DebugMon_Handler)
    Diagnose_EtherCAT_Frame                  0x08000cf1   Thumb Code   350  main.o(i.Diagnose_EtherCAT_Frame)
    ETH_GetLinkStatus                        0x0800109d   Thumb Code    14  eth.o(i.ETH_GetLinkStatus)
    ETH_IRQHandler                           0x080010ad   Thumb Code     6  stm32f4xx_it.o(i.ETH_IRQHandler)
    Error_Handler                            0x080013b5   Thumb Code     6  main.o(i.Error_Handler)
    EtherCAT_Cyclic_Task                     0x080013bd   Thumb Code   884  main.o(i.EtherCAT_Cyclic_Task)
    EtherCAT_Init                            0x0800187d   Thumb Code 10386  main.o(i.EtherCAT_Init)
    Get_State_String                         0x08004469   Thumb Code    54  main.o(i.Get_State_String)
    HAL_DMA_Abort                            0x08004521   Thumb Code   146  stm32f4xx_hal_dma.o(i.HAL_DMA_Abort)
    HAL_DMA_Abort_IT                         0x080045b3   Thumb Code    36  stm32f4xx_hal_dma.o(i.HAL_DMA_Abort_IT)
    HAL_Delay                                0x080045d9   Thumb Code    32  stm32f4xx_hal.o(i.HAL_Delay)
    HAL_ETH_ErrorCallback                    0x080045fd   Thumb Code     2  stm32f4xx_hal_eth.o(i.HAL_ETH_ErrorCallback)
    HAL_ETH_GetMACFilterConfig               0x080045ff   Thumb Code   120  stm32f4xx_hal_eth.o(i.HAL_ETH_GetMACFilterConfig)
    HAL_ETH_IRQHandler                       0x08004679   Thumb Code   204  stm32f4xx_hal_eth.o(i.HAL_ETH_IRQHandler)
    HAL_ETH_Init                             0x08004751   Thumb Code   306  stm32f4xx_hal_eth.o(i.HAL_ETH_Init)
    HAL_ETH_MspInit                          0x08004895   Thumb Code   194  eth.o(i.HAL_ETH_MspInit)
    HAL_ETH_PMTCallback                      0x0800496d   Thumb Code     2  stm32f4xx_hal_eth.o(i.HAL_ETH_PMTCallback)
    HAL_ETH_ReadPHYRegister                  0x08004971   Thumb Code    98  stm32f4xx_hal_eth.o(i.HAL_ETH_ReadPHYRegister)
    HAL_ETH_RegisterRxAllocateCallback       0x080049d3   Thumb Code    14  stm32f4xx_hal_eth.o(i.HAL_ETH_RegisterRxAllocateCallback)
    HAL_ETH_RxAllocateCallback               0x080049e1   Thumb Code    32  eth.o(i.HAL_ETH_RxAllocateCallback)
    HAL_ETH_RxCpltCallback                   0x08004a09   Thumb Code     8  main.o(i.HAL_ETH_RxCpltCallback)
    HAL_ETH_SetMACFilterConfig               0x08004a15   Thumb Code   108  stm32f4xx_hal_eth.o(i.HAL_ETH_SetMACFilterConfig)
    HAL_ETH_Start                            0x08004a85   Thumb Code   124  stm32f4xx_hal_eth.o(i.HAL_ETH_Start)
    HAL_ETH_Start_IT                         0x08004b01   Thumb Code   142  stm32f4xx_hal_eth.o(i.HAL_ETH_Start_IT)
    HAL_ETH_Stop                             0x08004b95   Thumb Code   114  stm32f4xx_hal_eth.o(i.HAL_ETH_Stop)
    HAL_ETH_TxCpltCallback                   0x08004c07   Thumb Code     2  stm32f4xx_hal_eth.o(i.HAL_ETH_TxCpltCallback)
    HAL_ETH_WakeUpCallback                   0x08004c09   Thumb Code     2  stm32f4xx_hal_eth.o(i.HAL_ETH_WakeUpCallback)
    HAL_ETH_WritePHYRegister                 0x08004c0d   Thumb Code    86  stm32f4xx_hal_eth.o(i.HAL_ETH_WritePHYRegister)
    HAL_GPIO_Init                            0x08004c65   Thumb Code   450  stm32f4xx_hal_gpio.o(i.HAL_GPIO_Init)
    HAL_GPIO_ReadPin                         0x08004e55   Thumb Code    10  stm32f4xx_hal_gpio.o(i.HAL_GPIO_ReadPin)
    HAL_GPIO_TogglePin                       0x08004e5f   Thumb Code    16  stm32f4xx_hal_gpio.o(i.HAL_GPIO_TogglePin)
    HAL_GPIO_WritePin                        0x08004e6f   Thumb Code    10  stm32f4xx_hal_gpio.o(i.HAL_GPIO_WritePin)
    HAL_GetTick                              0x08004e79   Thumb Code     6  stm32f4xx_hal.o(i.HAL_GetTick)
    HAL_IncTick                              0x08004e85   Thumb Code    12  stm32f4xx_hal.o(i.HAL_IncTick)
    HAL_Init                                 0x08004e95   Thumb Code    48  stm32f4xx_hal.o(i.HAL_Init)
    HAL_InitTick                             0x08004ec9   Thumb Code    54  stm32f4xx_hal.o(i.HAL_InitTick)
    HAL_MspInit                              0x08004f09   Thumb Code    42  stm32f4xx_hal_msp.o(i.HAL_MspInit)
    HAL_NVIC_DisableIRQ                      0x08004f39   Thumb Code    34  stm32f4xx_hal_cortex.o(i.HAL_NVIC_DisableIRQ)
    HAL_NVIC_EnableIRQ                       0x08004f5b   Thumb Code    26  stm32f4xx_hal_cortex.o(i.HAL_NVIC_EnableIRQ)
    HAL_NVIC_SetPriority                     0x08004f75   Thumb Code    60  stm32f4xx_hal_cortex.o(i.HAL_NVIC_SetPriority)
    HAL_NVIC_SetPriorityGrouping             0x08004fb5   Thumb Code    26  stm32f4xx_hal_cortex.o(i.HAL_NVIC_SetPriorityGrouping)
    HAL_RCC_ClockConfig                      0x08004fd9   Thumb Code   288  stm32f4xx_hal_rcc.o(i.HAL_RCC_ClockConfig)
    HAL_RCC_GetPCLK1Freq                     0x0800510d   Thumb Code    20  stm32f4xx_hal_rcc.o(i.HAL_RCC_GetPCLK1Freq)
    HAL_RCC_GetPCLK2Freq                     0x0800512d   Thumb Code    20  stm32f4xx_hal_rcc.o(i.HAL_RCC_GetPCLK2Freq)
    HAL_RCC_GetSysClockFreq                  0x0800514d   Thumb Code    88  stm32f4xx_hal_rcc.o(i.HAL_RCC_GetSysClockFreq)
    HAL_RCC_OscConfig                        0x080051ad   Thumb Code   856  stm32f4xx_hal_rcc.o(i.HAL_RCC_OscConfig)
    HAL_SYSTICK_Config                       0x08005519   Thumb Code    40  stm32f4xx_hal_cortex.o(i.HAL_SYSTICK_Config)
    HAL_TIMEx_BreakCallback                  0x08005541   Thumb Code     2  stm32f4xx_hal_tim_ex.o(i.HAL_TIMEx_BreakCallback)
    HAL_TIMEx_CommutCallback                 0x08005543   Thumb Code     2  stm32f4xx_hal_tim_ex.o(i.HAL_TIMEx_CommutCallback)
    HAL_TIMEx_MasterConfigSynchronization    0x08005545   Thumb Code   116  stm32f4xx_hal_tim_ex.o(i.HAL_TIMEx_MasterConfigSynchronization)
    HAL_TIM_Base_Init                        0x080055d5   Thumb Code    90  stm32f4xx_hal_tim.o(i.HAL_TIM_Base_Init)
    HAL_TIM_Base_MspInit                     0x08005631   Thumb Code    72  tim.o(i.HAL_TIM_Base_MspInit)
    HAL_TIM_Base_Start                       0x08005681   Thumb Code    90  stm32f4xx_hal_tim.o(i.HAL_TIM_Base_Start)
    HAL_TIM_ConfigClockSource                0x080056f9   Thumb Code   220  stm32f4xx_hal_tim.o(i.HAL_TIM_ConfigClockSource)
    HAL_TIM_IC_CaptureCallback               0x080057d5   Thumb Code     2  stm32f4xx_hal_tim.o(i.HAL_TIM_IC_CaptureCallback)
    HAL_TIM_IRQHandler                       0x080057d7   Thumb Code   304  stm32f4xx_hal_tim.o(i.HAL_TIM_IRQHandler)
    HAL_TIM_OC_DelayElapsedCallback          0x08005907   Thumb Code     2  stm32f4xx_hal_tim.o(i.HAL_TIM_OC_DelayElapsedCallback)
    HAL_TIM_PWM_PulseFinishedCallback        0x08005909   Thumb Code     2  stm32f4xx_hal_tim.o(i.HAL_TIM_PWM_PulseFinishedCallback)
    HAL_TIM_PeriodElapsedCallback            0x0800590b   Thumb Code     2  stm32f4xx_hal_tim.o(i.HAL_TIM_PeriodElapsedCallback)
    HAL_TIM_TriggerCallback                  0x0800590d   Thumb Code     2  stm32f4xx_hal_tim.o(i.HAL_TIM_TriggerCallback)
    HAL_UARTEx_RxEventCallback               0x0800590f   Thumb Code     2  stm32f4xx_hal_uart.o(i.HAL_UARTEx_RxEventCallback)
    HAL_UART_ErrorCallback                   0x08005911   Thumb Code     2  stm32f4xx_hal_uart.o(i.HAL_UART_ErrorCallback)
    HAL_UART_IRQHandler                      0x08005915   Thumb Code   636  stm32f4xx_hal_uart.o(i.HAL_UART_IRQHandler)
    HAL_UART_Init                            0x08005b95   Thumb Code   100  stm32f4xx_hal_uart.o(i.HAL_UART_Init)
    HAL_UART_MspInit                         0x08005bf9   Thumb Code    94  usart.o(i.HAL_UART_MspInit)
    HAL_UART_RxCpltCallback                  0x08005c65   Thumb Code     2  stm32f4xx_hal_uart.o(i.HAL_UART_RxCpltCallback)
    HAL_UART_Transmit                        0x08005c67   Thumb Code   160  stm32f4xx_hal_uart.o(i.HAL_UART_Transmit)
    HAL_UART_TxCpltCallback                  0x08005d07   Thumb Code     2  stm32f4xx_hal_uart.o(i.HAL_UART_TxCpltCallback)
    HardFault_Handler                        0x08005d09   Thumb Code    24  stm32f4xx_it.o(i.HardFault_Handler)
    MX_ETH_Init                              0x08005fa9   Thumb Code   140  eth.o(i.MX_ETH_Init)
    MX_GPIO_Init                             0x08006049   Thumb Code   148  gpio.o(i.MX_GPIO_Init)
    MX_TIM2_Init                             0x080060e5   Thumb Code    94  tim.o(i.MX_TIM2_Init)
    MX_TIM3_Init                             0x08006149   Thumb Code    70  tim.o(i.MX_TIM3_Init)
    MX_USART1_UART_Init                      0x08006199   Thumb Code    48  usart.o(i.MX_USART1_UART_Init)
    MemManage_Handler                        0x080061d1   Thumb Code     2  stm32f4xx_it.o(i.MemManage_Handler)
    Motor_State_Machine                      0x080061d5   Thumb Code  2060  main.o(i.Motor_State_Machine)
    NMI_Handler                              0x08006a8d   Thumb Code     2  stm32f4xx_it.o(i.NMI_Handler)
    Parse_CiA402_State                       0x08006ad1   Thumb Code   302  main.o(i.Parse_CiA402_State)
    PendSV_Handler                           0x08006bff   Thumb Code     2  stm32f4xx_it.o(i.PendSV_Handler)
    Print_Status                             0x08006c01   Thumb Code   508  main.o(i.Print_Status)
    Process_Command                          0x08006f11   Thumb Code  6600  main.o(i.Process_Command)
    SVC_Handler                              0x08008ae9   Thumb Code     2  stm32f4xx_it.o(i.SVC_Handler)
    SysTick_Handler                          0x08008aeb   Thumb Code     4  stm32f4xx_it.o(i.SysTick_Handler)
    SystemClock_Config                       0x08008af1   Thumb Code   170  main.o(i.SystemClock_Config)
    SystemInit                               0x08008ba5   Thumb Code    12  system_stm32f4xx.o(i.SystemInit)
    TIM3_IRQHandler                          0x08008bb5   Thumb Code     6  stm32f4xx_it.o(i.TIM3_IRQHandler)
    TIM_Base_SetConfig                       0x08008bc1   Thumb Code   164  stm32f4xx_hal_tim.o(i.TIM_Base_SetConfig)
    TIM_ETR_SetConfig                        0x08008c91   Thumb Code    20  stm32f4xx_hal_tim.o(i.TIM_ETR_SetConfig)
    UART_Poll_Receive                        0x08008d59   Thumb Code   220  main.o(i.UART_Poll_Receive)
    UART_SendHex                             0x08008f15   Thumb Code    74  main.o(i.UART_SendHex)
    UART_SendLine                            0x08008f79   Thumb Code    38  main.o(i.UART_SendLine)
    UART_SendString                          0x08008fa9   Thumb Code    26  main.o(i.UART_SendString)
    USART1_IRQHandler                        0x08009149   Thumb Code     6  stm32f4xx_it.o(i.USART1_IRQHandler)
    Update_LED_Status                        0x08009155   Thumb Code   174  main.o(i.Update_LED_Status)
    UsageFault_Handler                       0x08009225   Thumb Code     2  stm32f4xx_it.o(i.UsageFault_Handler)
    __0printf                                0x08009229   Thumb Code    22  printfa.o(i.__0printf)
    __1printf                                0x08009229   Thumb Code     0  printfa.o(i.__0printf)
    __2printf                                0x08009229   Thumb Code     0  printfa.o(i.__0printf)
    __c89printf                              0x08009229   Thumb Code     0  printfa.o(i.__0printf)
    printf                                   0x08009229   Thumb Code     0  printfa.o(i.__0printf)
    __0snprintf                              0x08009249   Thumb Code    48  printfa.o(i.__0snprintf)
    __1snprintf                              0x08009249   Thumb Code     0  printfa.o(i.__0snprintf)
    __2snprintf                              0x08009249   Thumb Code     0  printfa.o(i.__0snprintf)
    __c89snprintf                            0x08009249   Thumb Code     0  printfa.o(i.__0snprintf)
    snprintf                                 0x08009249   Thumb Code     0  printfa.o(i.__0snprintf)
    __0sprintf                               0x0800927d   Thumb Code    34  printfa.o(i.__0sprintf)
    __1sprintf                               0x0800927d   Thumb Code     0  printfa.o(i.__0sprintf)
    __2sprintf                               0x0800927d   Thumb Code     0  printfa.o(i.__0sprintf)
    __c89sprintf                             0x0800927d   Thumb Code     0  printfa.o(i.__0sprintf)
    sprintf                                  0x0800927d   Thumb Code     0  printfa.o(i.__0sprintf)
    __hardfp_atof                            0x080092c9   Thumb Code    44  atof.o(i.__hardfp_atof)
    __read_errno                             0x08009301   Thumb Code     6  errno.o(i.__read_errno)
    __scatterload_copy                       0x0800930d   Thumb Code    14  handlers.o(i.__scatterload_copy)
    __scatterload_null                       0x0800931b   Thumb Code     2  handlers.o(i.__scatterload_null)
    __scatterload_zeroinit                   0x0800931d   Thumb Code    14  handlers.o(i.__scatterload_zeroinit)
    __set_errno                              0x0800932d   Thumb Code     6  errno.o(i.__set_errno)
    _is_digit                                0x080094bd   Thumb Code    14  scanf_fp.o(i._is_digit)
    ec_ALstatuscode2string                   0x08009c01   Thumb Code   264  ethercatprint.o(i.ec_ALstatuscode2string)
    ec_close                                 0x0800a02d   Thumb Code     8  ethercatmain.o(i.ec_close)
    ec_config_init                           0x0800a039   Thumb Code     8  ethercatmain.o(i.ec_config_init)
    ec_config_map_group                      0x0800a045   Thumb Code    10  ethercatmain.o(i.ec_config_map_group)
    ec_init                                  0x0800a055   Thumb Code    26  ethercatmain.o(i.ec_init)
    ec_readstate                             0x0800a081   Thumb Code     6  ethercatmain.o(i.ec_readstate)
    ec_receive_processdata                   0x0800a08d   Thumb Code     8  ethercatmain.o(i.ec_receive_processdata)
    ec_receive_processdata_group             0x0800a095   Thumb Code    10  ethercatmain.o(i.ec_receive_processdata_group)
    ec_send_processdata                      0x0800a0a5   Thumb Code     6  ethercatmain.o(i.ec_send_processdata)
    ec_send_processdata_group                0x0800a0ad   Thumb Code     8  ethercatmain.o(i.ec_send_processdata_group)
    ec_writestate                            0x0800a0b9   Thumb Code     8  ethercatmain.o(i.ec_writestate)
    ecx_APWR                                 0x0800a0c5   Thumb Code    22  ethercatbase.o(i.ecx_APWR)
    ecx_BRD                                  0x0800a0db   Thumb Code    22  ethercatbase.o(i.ecx_BRD)
    ecx_BWR                                  0x0800a0f1   Thumb Code    22  ethercatbase.o(i.ecx_BWR)
    ecx_FPRD                                 0x0800a107   Thumb Code    22  ethercatbase.o(i.ecx_FPRD)
    ecx_FPWR                                 0x0800a11d   Thumb Code    22  ethercatbase.o(i.ecx_FPWR)
    ecx_LRD                                  0x0800a133   Thumb Code    20  ethercatbase.o(i.ecx_LRD)
    ecx_LWR                                  0x0800a147   Thumb Code    20  ethercatbase.o(i.ecx_LWR)
    ecx_SDOread                              0x0800a15d   Thumb Code   920  ethercatcoe.o(i.ecx_SDOread)
    ecx_adddatagram                          0x0800a675   Thumb Code   124  ethercatbase.o(i.ecx_adddatagram)
    ecx_closenic                             0x0800a6f1   Thumb Code    12  nicdrv_stm32.o(i.ecx_closenic)
    ecx_config_init                          0x0800a7e1   Thumb Code   278  ethercatmain.o(i.ecx_config_init)
    ecx_config_map_group                     0x0800a949   Thumb Code   602  ethercatmain.o(i.ecx_config_map_group)
    ecx_dcsync0                              0x0800aba3   Thumb Code   184  ethercatdc.o(i.ecx_dcsync0)
    ecx_getindex                             0x0800ac5d   Thumb Code    72  nicdrv_stm32.o(i.ecx_getindex)
    ecx_outframe                             0x0800b5dd   Thumb Code   152  nicdrv_stm32.o(i.ecx_outframe)
    ecx_readeeprom                           0x0800b73d   Thumb Code   182  ethercatmain.o(i.ecx_readeeprom)
    ecx_readstate                            0x0800b7f5   Thumb Code   104  ethercatmain.o(i.ecx_readstate)
    ecx_receive_packet                       0x0800b85d   Thumb Code    98  nicdrv_stm32.o(i.ecx_receive_packet)
    ecx_receive_processdata_group            0x0800b951   Thumb Code   168  ethercatmain.o(i.ecx_receive_processdata_group)
    ecx_send_processdata_group               0x0800ba01   Thumb Code   314  ethercatmain.o(i.ecx_send_processdata_group)
    ecx_setbufstat                           0x0800bb85   Thumb Code    14  nicdrv_stm32.o(i.ecx_setbufstat)
    ecx_setupdatagram                        0x0800bb95   Thumb Code   130  ethercatbase.o(i.ecx_setupdatagram)
    ecx_setupnic                             0x0800bc1d   Thumb Code   172  nicdrv_stm32.o(i.ecx_setupnic)
    ecx_waitinframe                          0x0800bcd9   Thumb Code    80  nicdrv_stm32.o(i.ecx_waitinframe)
    ecx_writestate                           0x0800bd2d   Thumb Code    70  ethercatmain.o(i.ecx_writestate)
    etohl                                    0x0800bd73   Thumb Code     2  ethercatbase.o(i.etohl)
    etohs                                    0x0800bd75   Thumb Code     2  ethercatbase.o(i.etohs)
    fputc                                    0x0800bd79   Thumb Code    14  usart.o(i.fputc)
    htoell                                   0x0800bd8d   Thumb Code     2  ethercatbase.o(i.htoell)
    htoes                                    0x0800bd8f   Thumb Code     2  ethercatbase.o(i.htoes)
    main                                     0x0800bd91   Thumb Code   688  main.o(i.main)
    osal_current_time                        0x0800c1e5   Thumb Code    28  osal_stm32.o(i.osal_current_time)
    osal_timer_is_expired                    0x0800c205   Thumb Code    36  osal_stm32.o(i.osal_timer_is_expired)
    osal_timer_start                         0x0800c229   Thumb Code    60  osal_stm32.o(i.osal_timer_start)
    osal_usleep                              0x0800c269   Thumb Code    38  osal_stm32.o(i.osal_usleep)
    oshw_htons                               0x0800c295   Thumb Code     4  nicdrv_stm32.o(i.oshw_htons)
    AHBPrescTable                            0x0800c2a0   Data          16  system_stm32f4xx.o(.constdata)
    APBPrescTable                            0x0800c2b0   Data           8  system_stm32f4xx.o(.constdata)
    __ctype_categories                       0x0800c2c4   Data          64  ctype_c.o(.constdata)
    Region$$Table$$Base                      0x0800c6cc   Number         0  anon$$obj.o(Region$$Table)
    Region$$Table$$Limit                     0x0800c6fc   Number         0  anon$$obj.o(Region$$Table)
    TxBuff                                   0x20000000   Data        6112  eth.o(.bss)
    ec_slave                                 0x20001820   Data       56800  ethercatmain.o(.bss)
    ec_group                                 0x2000f600   Data         600  ethercatmain.o(.bss)
    ec_IOmap                                 0x2000f858   Data        4096  ethercatmain.o(.bss)
    ecx_context                              0x20010858   Data          60  ethercatmain.o(.bss)
    ecx_port                                 0x20011a94   Data       25964  nicdrv_stm32.o(.bss)
    __initial_sp                             0x2001a000   Data           0  startup_stm32f407xx.o(STACK)
    eth_packet_received                      0x2001c00c   Data           1  main.o(.data)
    rx_index                                 0x2001c00d   Data           1  main.o(.data)
    ec_slave_count                           0x2001c010   Data           4  main.o(.data)
    ec_slave_state                           0x2001c014   Data           2  main.o(.data)
    led_blink_period                         0x2001c018   Data           4  main.o(.data)
    last_blink_time                          0x2001c01c   Data           4  main.o(.data)
    led_state                                0x2001c020   Data           1  main.o(.data)
    motor_enabled                            0x2001c021   Data           1  main.o(.data)
    system_running                           0x2001c022   Data           1  main.o(.data)
    ec_initialized                           0x2001c023   Data           1  main.o(.data)
    ec_operational                           0x2001c024   Data           1  main.o(.data)
    manual_control                           0x2001c025   Data           1  main.o(.data)
    manual_controlword                       0x2001c026   Data           2  main.o(.data)
    target_position                          0x2001c028   Data           4  main.o(.data)
    target_velocity_csv                      0x2001c02c   Data           4  main.o(.data)
    actual_velocity_csv                      0x2001c030   Data           4  main.o(.data)
    actual_position                          0x2001c034   Data           4  main.o(.data)
    statusword                               0x2001c038   Data           2  main.o(.data)
    controlword                              0x2001c03a   Data           2  main.o(.data)
    error_code                               0x2001c03c   Data           2  main.o(.data)
    cia402_state                             0x2001c03e   Data           1  main.o(.data)
    state_entry_time                         0x2001c040   Data           4  main.o(.data)
    init_phase                               0x2001c044   Data           1  main.o(.data)
    init_start_time                          0x2001c048   Data           4  main.o(.data)
    operation_mode                           0x2001c04c   Data           1  main.o(.data)
    mode_change_requested                    0x2001c04d   Data           1  main.o(.data)
    ctrl_word_offset                         0x2001c050   Data           4  main.o(.data)
    target_pos_offset                        0x2001c054   Data           4  main.o(.data)
    target_vel_offset                        0x2001c058   Data           4  main.o(.data)
    target_tor_offset                        0x2001c05c   Data           4  main.o(.data)
    status_word_offset                       0x2001c060   Data           4  main.o(.data)
    actual_pos_offset                        0x2001c064   Data           4  main.o(.data)
    actual_vel_offset                        0x2001c068   Data           4  main.o(.data)
    actual_tor_offset                        0x2001c06c   Data           4  main.o(.data)
    error_code_offset                        0x2001c070   Data           4  main.o(.data)
    LAN8720A_PHY_ADDRESS                     0x2001c0cc   Data           4  eth.o(.data)
    __stdout                                 0x2001c0dc   Data           4  usart.o(.data)
    uwTickFreq                               0x2001c0e0   Data           1  stm32f4xx_hal.o(.data)
    uwTickPrio                               0x2001c0e4   Data           4  stm32f4xx_hal.o(.data)
    uwTick                                   0x2001c0e8   Data           4  stm32f4xx_hal.o(.data)
    SystemCoreClock                          0x2001c0ec   Data           4  system_stm32f4xx.o(.data)
    EcatError                                0x2001c0f0   Data           1  ethercatmain.o(.data)
    ec_slavecount                            0x2001c0f4   Data           4  ethercatmain.o(.data)
    ec_DCtime                                0x2001c100   Data           8  ethercatmain.o(.data)
    rx_buffer                                0x2001c10c   Data          64  main.o(.bss)
    DMARxDscrTab                             0x2001c15c   Data         160  eth.o(.bss)
    DMATxDscrTab                             0x2001c1fc   Data         160  eth.o(.bss)
    TxConfig                                 0x2001c29c   Data          56  eth.o(.bss)
    RxBuff                                   0x2001c2d4   Data        6112  eth.o(.bss)
    heth                                     0x2001db34   Data         176  eth.o(.bss)
    htim2                                    0x2001dbe4   Data          72  tim.o(.bss)
    htim3                                    0x2001dc2c   Data          72  tim.o(.bss)
    huart1                                   0x2001dc74   Data          72  usart.o(.bss)



==============================================================================

Memory Map of the image

  Image Entry point : 0x08000189

  Load Region LR_IROM1 (Base: 0x08000000, Size: 0x0000c808, Max: 0x00080000, ABSOLUTE)

    Execution Region ER_IROM1 (Exec base: 0x08000000, Load base: 0x08000000, Size: 0x0000c6fc, Max: 0x00080000, ABSOLUTE)

    Exec Addr    Load Addr    Size         Type   Attr      Idx    E Section Name        Object

    0x08000000   0x08000000   0x00000188   Data   RO            3    RESET               startup_stm32f407xx.o
    0x08000188   0x08000188   0x00000000   Code   RO         4308  * .ARM.Collect$$$$00000000  mc_w.l(entry.o)
    0x08000188   0x08000188   0x00000004   Code   RO         4592    .ARM.Collect$$$$00000001  mc_w.l(entry2.o)
    0x0800018c   0x0800018c   0x00000004   Code   RO         4595    .ARM.Collect$$$$00000004  mc_w.l(entry5.o)
    0x08000190   0x08000190   0x00000000   Code   RO         4597    .ARM.Collect$$$$00000008  mc_w.l(entry7b.o)
    0x08000190   0x08000190   0x00000000   Code   RO         4599    .ARM.Collect$$$$0000000A  mc_w.l(entry8b.o)
    0x08000190   0x08000190   0x00000008   Code   RO         4600    .ARM.Collect$$$$0000000B  mc_w.l(entry9a.o)
    0x08000198   0x08000198   0x00000004   Code   RO         4607    .ARM.Collect$$$$0000000E  mc_w.l(entry12b.o)
    0x0800019c   0x0800019c   0x00000000   Code   RO         4602    .ARM.Collect$$$$0000000F  mc_w.l(entry10a.o)
    0x0800019c   0x0800019c   0x00000000   Code   RO         4604    .ARM.Collect$$$$00000011  mc_w.l(entry11a.o)
    0x0800019c   0x0800019c   0x00000004   Code   RO         4593    .ARM.Collect$$$$00002712  mc_w.l(entry2.o)
    0x080001a0   0x080001a0   0x00000024   Code   RO            4    .text               startup_stm32f407xx.o
    0x080001c4   0x080001c4   0x00000062   Code   RO         4311    .text               mc_w.l(uldiv.o)
    0x08000226   0x08000226   0x00000024   Code   RO         4313    .text               mc_w.l(memcpya.o)
    0x0800024a   0x0800024a   0x00000024   Code   RO         4315    .text               mc_w.l(memseta.o)
    0x0800026e   0x0800026e   0x0000000e   Code   RO         4319    .text               mc_w.l(strlen.o)
    0x0800027c   0x0800027c   0x0000001c   Code   RO         4321    .text               mc_w.l(strcmp.o)
    0x08000298   0x08000298   0x0000001e   Code   RO         4323    .text               mc_w.l(strncmp.o)
    0x080002b6   0x080002b6   0x00000026   Code   RO         4588    .text               mf_w.l(f2d.o)
    0x080002dc   0x080002dc   0x00000038   Code   RO         4590    .text               mf_w.l(d2f.o)
    0x08000314   0x08000314   0x0000002c   Code   RO         4608    .text               mc_w.l(uidiv.o)
    0x08000340   0x08000340   0x0000001e   Code   RO         4610    .text               mc_w.l(llshl.o)
    0x0800035e   0x0800035e   0x00000020   Code   RO         4612    .text               mc_w.l(llushr.o)
    0x0800037e   0x0800037e   0x00000002   PAD
    0x08000380   0x08000380   0x0000009c   Code   RO         4621    .text               mc_w.l(strtod.o)
    0x0800041c   0x0800041c   0x00000000   Code   RO         4623    .text               mc_w.l(iusefp.o)
    0x0800041c   0x0800041c   0x0000006e   Code   RO         4624    .text               mf_w.l(fepilogue.o)
    0x0800048a   0x0800048a   0x0000014e   Code   RO         4626    .text               mf_w.l(dadd.o)
    0x080005d8   0x080005d8   0x000000e4   Code   RO         4628    .text               mf_w.l(dmul.o)
    0x080006bc   0x080006bc   0x000000de   Code   RO         4630    .text               mf_w.l(ddiv.o)
    0x0800079a   0x0800079a   0x00000030   Code   RO         4632    .text               mf_w.l(dfixul.o)
    0x080007ca   0x080007ca   0x00000002   PAD
    0x080007cc   0x080007cc   0x00000030   Code   RO         4634    .text               mf_w.l(cdrcmple.o)
    0x080007fc   0x080007fc   0x00000024   Code   RO         4636    .text               mc_w.l(init.o)
    0x08000820   0x08000820   0x00000024   Code   RO         4638    .text               mc_w.l(llsshr.o)
    0x08000844   0x08000844   0x0000000a   Code   RO         4640    .text               mc_w.l(isspace_c.o)
    0x0800084e   0x0800084e   0x00000002   PAD
    0x08000850   0x08000850   0x00000360   Code   RO         4642    .text               mc_w.l(scanf_fp.o)
    0x08000bb0   0x08000bb0   0x00000040   Code   RO         4646    .text               mc_w.l(_sgetc.o)
    0x08000bf0   0x08000bf0   0x000000ba   Code   RO         4648    .text               mf_w.l(depilogue.o)
    0x08000caa   0x08000caa   0x00000002   PAD
    0x08000cac   0x08000cac   0x00000028   Code   RO         4650    .text               mc_w.l(ctype_c.o)
    0x08000cd4   0x08000cd4   0x00000018   Code   RO         4653    .text               mf_w.l(dfltul.o)
    0x08000cec   0x08000cec   0x00000002   Code   RO          619    i.BusFault_Handler  stm32f4xx_it.o
    0x08000cee   0x08000cee   0x00000002   Code   RO          620    i.DebugMon_Handler  stm32f4xx_it.o
    0x08000cf0   0x08000cf0   0x00000314   Code   RO           13    i.Diagnose_EtherCAT_Frame  main.o
    0x08001004   0x08001004   0x0000006a   Code   RO         1887    i.ETH_DMARxDescListInit  stm32f4xx_hal_eth.o
    0x0800106e   0x0800106e   0x0000002e   Code   RO         1888    i.ETH_FlushTransmitFIFO  stm32f4xx_hal_eth.o
    0x0800109c   0x0800109c   0x0000000e   Code   RO          333    i.ETH_GetLinkStatus  eth.o
    0x080010aa   0x080010aa   0x00000002   PAD
    0x080010ac   0x080010ac   0x0000000c   Code   RO          621    i.ETH_IRQHandler    stm32f4xx_it.o
    0x080010b8   0x080010b8   0x0000009e   Code   RO         1889    i.ETH_MACDMAConfig  stm32f4xx_hal_eth.o
    0x08001156   0x08001156   0x00000002   PAD
    0x08001158   0x08001158   0x000000c0   Code   RO         1891    i.ETH_SetDMAConfig  stm32f4xx_hal_eth.o
    0x08001218   0x08001218   0x00000100   Code   RO         1892    i.ETH_SetMACConfig  stm32f4xx_hal_eth.o
    0x08001318   0x08001318   0x0000009c   Code   RO         1893    i.ETH_UpdateDescriptor  stm32f4xx_hal_eth.o
    0x080013b4   0x080013b4   0x00000006   Code   RO           14    i.Error_Handler     main.o
    0x080013ba   0x080013ba   0x00000002   PAD
    0x080013bc   0x080013bc   0x000004c0   Code   RO           15    i.EtherCAT_Cyclic_Task  main.o
    0x0800187c   0x0800187c   0x00002bec   Code   RO           16    i.EtherCAT_Init     main.o
    0x08004468   0x08004468   0x000000b8   Code   RO           17    i.Get_State_String  main.o
    0x08004520   0x08004520   0x00000092   Code   RO         1199    i.HAL_DMA_Abort     stm32f4xx_hal_dma.o
    0x080045b2   0x080045b2   0x00000024   Code   RO         1200    i.HAL_DMA_Abort_IT  stm32f4xx_hal_dma.o
    0x080045d6   0x080045d6   0x00000002   PAD
    0x080045d8   0x080045d8   0x00000024   Code   RO         1636    i.HAL_Delay         stm32f4xx_hal.o
    0x080045fc   0x080045fc   0x00000002   Code   RO         1896    i.HAL_ETH_ErrorCallback  stm32f4xx_hal_eth.o
    0x080045fe   0x080045fe   0x00000078   Code   RO         1903    i.HAL_ETH_GetMACFilterConfig  stm32f4xx_hal_eth.o
    0x08004676   0x08004676   0x00000002   PAD
    0x08004678   0x08004678   0x000000d8   Code   RO         1908    i.HAL_ETH_IRQHandler  stm32f4xx_hal_eth.o
    0x08004750   0x08004750   0x00000144   Code   RO         1909    i.HAL_ETH_Init      stm32f4xx_hal_eth.o
    0x08004894   0x08004894   0x000000d8   Code   RO          335    i.HAL_ETH_MspInit   eth.o
    0x0800496c   0x0800496c   0x00000002   Code   RO         1912    i.HAL_ETH_PMTCallback  stm32f4xx_hal_eth.o
    0x0800496e   0x0800496e   0x00000002   PAD
    0x08004970   0x08004970   0x00000062   Code   RO         1914    i.HAL_ETH_ReadPHYRegister  stm32f4xx_hal_eth.o
    0x080049d2   0x080049d2   0x0000000e   Code   RO         1915    i.HAL_ETH_RegisterRxAllocateCallback  stm32f4xx_hal_eth.o
    0x080049e0   0x080049e0   0x00000028   Code   RO          336    i.HAL_ETH_RxAllocateCallback  eth.o
    0x08004a08   0x08004a08   0x0000000c   Code   RO           18    i.HAL_ETH_RxCpltCallback  main.o
    0x08004a14   0x08004a14   0x00000070   Code   RO         1925    i.HAL_ETH_SetMACFilterConfig  stm32f4xx_hal_eth.o
    0x08004a84   0x08004a84   0x0000007c   Code   RO         1930    i.HAL_ETH_Start     stm32f4xx_hal_eth.o
    0x08004b00   0x08004b00   0x00000094   Code   RO         1931    i.HAL_ETH_Start_IT  stm32f4xx_hal_eth.o
    0x08004b94   0x08004b94   0x00000072   Code   RO         1932    i.HAL_ETH_Stop      stm32f4xx_hal_eth.o
    0x08004c06   0x08004c06   0x00000002   Code   RO         1936    i.HAL_ETH_TxCpltCallback  stm32f4xx_hal_eth.o
    0x08004c08   0x08004c08   0x00000002   Code   RO         1941    i.HAL_ETH_WakeUpCallback  stm32f4xx_hal_eth.o
    0x08004c0a   0x08004c0a   0x00000002   PAD
    0x08004c0c   0x08004c0c   0x00000056   Code   RO         1942    i.HAL_ETH_WritePHYRegister  stm32f4xx_hal_eth.o
    0x08004c62   0x08004c62   0x00000002   PAD
    0x08004c64   0x08004c64   0x000001f0   Code   RO         1092    i.HAL_GPIO_Init     stm32f4xx_hal_gpio.o
    0x08004e54   0x08004e54   0x0000000a   Code   RO         1094    i.HAL_GPIO_ReadPin  stm32f4xx_hal_gpio.o
    0x08004e5e   0x08004e5e   0x00000010   Code   RO         1095    i.HAL_GPIO_TogglePin  stm32f4xx_hal_gpio.o
    0x08004e6e   0x08004e6e   0x0000000a   Code   RO         1096    i.HAL_GPIO_WritePin  stm32f4xx_hal_gpio.o
    0x08004e78   0x08004e78   0x0000000c   Code   RO         1642    i.HAL_GetTick       stm32f4xx_hal.o
    0x08004e84   0x08004e84   0x00000010   Code   RO         1648    i.HAL_IncTick       stm32f4xx_hal.o
    0x08004e94   0x08004e94   0x00000034   Code   RO         1649    i.HAL_Init          stm32f4xx_hal.o
    0x08004ec8   0x08004ec8   0x00000040   Code   RO         1650    i.HAL_InitTick      stm32f4xx_hal.o
    0x08004f08   0x08004f08   0x00000030   Code   RO          713    i.HAL_MspInit       stm32f4xx_hal_msp.o
    0x08004f38   0x08004f38   0x00000022   Code   RO         1483    i.HAL_NVIC_DisableIRQ  stm32f4xx_hal_cortex.o
    0x08004f5a   0x08004f5a   0x0000001a   Code   RO         1484    i.HAL_NVIC_EnableIRQ  stm32f4xx_hal_cortex.o
    0x08004f74   0x08004f74   0x00000040   Code   RO         1490    i.HAL_NVIC_SetPriority  stm32f4xx_hal_cortex.o
    0x08004fb4   0x08004fb4   0x00000024   Code   RO         1491    i.HAL_NVIC_SetPriorityGrouping  stm32f4xx_hal_cortex.o
    0x08004fd8   0x08004fd8   0x00000134   Code   RO          738    i.HAL_RCC_ClockConfig  stm32f4xx_hal_rcc.o
    0x0800510c   0x0800510c   0x00000020   Code   RO          745    i.HAL_RCC_GetPCLK1Freq  stm32f4xx_hal_rcc.o
    0x0800512c   0x0800512c   0x00000020   Code   RO          746    i.HAL_RCC_GetPCLK2Freq  stm32f4xx_hal_rcc.o
    0x0800514c   0x0800514c   0x00000060   Code   RO          747    i.HAL_RCC_GetSysClockFreq  stm32f4xx_hal_rcc.o
    0x080051ac   0x080051ac   0x0000036c   Code   RO          750    i.HAL_RCC_OscConfig  stm32f4xx_hal_rcc.o
    0x08005518   0x08005518   0x00000028   Code   RO         1495    i.HAL_SYSTICK_Config  stm32f4xx_hal_cortex.o
    0x08005540   0x08005540   0x00000002   Code   RO         2943    i.HAL_TIMEx_BreakCallback  stm32f4xx_hal_tim_ex.o
    0x08005542   0x08005542   0x00000002   Code   RO         2944    i.HAL_TIMEx_CommutCallback  stm32f4xx_hal_tim_ex.o
    0x08005544   0x08005544   0x00000090   Code   RO         2962    i.HAL_TIMEx_MasterConfigSynchronization  stm32f4xx_hal_tim_ex.o
    0x080055d4   0x080055d4   0x0000005a   Code   RO         2239    i.HAL_TIM_Base_Init  stm32f4xx_hal_tim.o
    0x0800562e   0x0800562e   0x00000002   PAD
    0x08005630   0x08005630   0x00000050   Code   RO          498    i.HAL_TIM_Base_MspInit  tim.o
    0x08005680   0x08005680   0x00000078   Code   RO         2242    i.HAL_TIM_Base_Start  stm32f4xx_hal_tim.o
    0x080056f8   0x080056f8   0x000000dc   Code   RO         2248    i.HAL_TIM_ConfigClockSource  stm32f4xx_hal_tim.o
    0x080057d4   0x080057d4   0x00000002   Code   RO         2273    i.HAL_TIM_IC_CaptureCallback  stm32f4xx_hal_tim.o
    0x080057d6   0x080057d6   0x00000130   Code   RO         2287    i.HAL_TIM_IRQHandler  stm32f4xx_hal_tim.o
    0x08005906   0x08005906   0x00000002   Code   RO         2290    i.HAL_TIM_OC_DelayElapsedCallback  stm32f4xx_hal_tim.o
    0x08005908   0x08005908   0x00000002   Code   RO         2317    i.HAL_TIM_PWM_PulseFinishedCallback  stm32f4xx_hal_tim.o
    0x0800590a   0x0800590a   0x00000002   Code   RO         2325    i.HAL_TIM_PeriodElapsedCallback  stm32f4xx_hal_tim.o
    0x0800590c   0x0800590c   0x00000002   Code   RO         2330    i.HAL_TIM_TriggerCallback  stm32f4xx_hal_tim.o
    0x0800590e   0x0800590e   0x00000002   Code   RO         3222    i.HAL_UARTEx_RxEventCallback  stm32f4xx_hal_uart.o
    0x08005910   0x08005910   0x00000002   Code   RO         3236    i.HAL_UART_ErrorCallback  stm32f4xx_hal_uart.o
    0x08005912   0x08005912   0x00000002   PAD
    0x08005914   0x08005914   0x00000280   Code   RO         3239    i.HAL_UART_IRQHandler  stm32f4xx_hal_uart.o
    0x08005b94   0x08005b94   0x00000064   Code   RO         3240    i.HAL_UART_Init     stm32f4xx_hal_uart.o
    0x08005bf8   0x08005bf8   0x0000006c   Code   RO          546    i.HAL_UART_MspInit  usart.o
    0x08005c64   0x08005c64   0x00000002   Code   RO         3246    i.HAL_UART_RxCpltCallback  stm32f4xx_hal_uart.o
    0x08005c66   0x08005c66   0x000000a0   Code   RO         3248    i.HAL_UART_Transmit  stm32f4xx_hal_uart.o
    0x08005d06   0x08005d06   0x00000002   Code   RO         3251    i.HAL_UART_TxCpltCallback  stm32f4xx_hal_uart.o
    0x08005d08   0x08005d08   0x0000001c   Code   RO          622    i.HardFault_Handler  stm32f4xx_it.o
    0x08005d24   0x08005d24   0x00000284   Code   RO          337    i.LAN8720A_Init     eth.o
    0x08005fa8   0x08005fa8   0x000000a0   Code   RO          338    i.MX_ETH_Init       eth.o
    0x08006048   0x08006048   0x0000009c   Code   RO          309    i.MX_GPIO_Init      gpio.o
    0x080060e4   0x080060e4   0x00000064   Code   RO          499    i.MX_TIM2_Init      tim.o
    0x08006148   0x08006148   0x00000050   Code   RO          500    i.MX_TIM3_Init      tim.o
    0x08006198   0x08006198   0x00000038   Code   RO          547    i.MX_USART1_UART_Init  usart.o
    0x080061d0   0x080061d0   0x00000002   Code   RO          623    i.MemManage_Handler  stm32f4xx_it.o
    0x080061d2   0x080061d2   0x00000002   PAD
    0x080061d4   0x080061d4   0x000008b8   Code   RO           20    i.Motor_State_Machine  main.o
    0x08006a8c   0x08006a8c   0x00000002   Code   RO          624    i.NMI_Handler       stm32f4xx_it.o
    0x08006a8e   0x08006a8e   0x00000002   PAD
    0x08006a90   0x08006a90   0x00000024   Code   RO          339    i.PHY_ReadRegister  eth.o
    0x08006ab4   0x08006ab4   0x0000001c   Code   RO          340    i.PHY_WriteRegister  eth.o
    0x08006ad0   0x08006ad0   0x0000012e   Code   RO           21    i.Parse_CiA402_State  main.o
    0x08006bfe   0x08006bfe   0x00000002   Code   RO          625    i.PendSV_Handler    stm32f4xx_it.o
    0x08006c00   0x08006c00   0x00000310   Code   RO           22    i.Print_Status      main.o
    0x08006f10   0x08006f10   0x00001bd8   Code   RO           23    i.Process_Command   main.o
    0x08008ae8   0x08008ae8   0x00000002   Code   RO          626    i.SVC_Handler       stm32f4xx_it.o
    0x08008aea   0x08008aea   0x00000004   Code   RO          627    i.SysTick_Handler   stm32f4xx_it.o
    0x08008aee   0x08008aee   0x00000002   PAD
    0x08008af0   0x08008af0   0x000000b4   Code   RO           24    i.SystemClock_Config  main.o
    0x08008ba4   0x08008ba4   0x00000010   Code   RO         3574    i.SystemInit        system_stm32f4xx.o
    0x08008bb4   0x08008bb4   0x0000000c   Code   RO          628    i.TIM3_IRQHandler   stm32f4xx_it.o
    0x08008bc0   0x08008bc0   0x000000d0   Code   RO         2332    i.TIM_Base_SetConfig  stm32f4xx_hal_tim.o
    0x08008c90   0x08008c90   0x00000014   Code   RO         2343    i.TIM_ETR_SetConfig  stm32f4xx_hal_tim.o
    0x08008ca4   0x08008ca4   0x00000010   Code   RO         2344    i.TIM_ITRx_SetConfig  stm32f4xx_hal_tim.o
    0x08008cb4   0x08008cb4   0x00000022   Code   RO         2350    i.TIM_TI1_ConfigInputStage  stm32f4xx_hal_tim.o
    0x08008cd6   0x08008cd6   0x00000024   Code   RO         2352    i.TIM_TI2_ConfigInputStage  stm32f4xx_hal_tim.o
    0x08008cfa   0x08008cfa   0x0000000e   Code   RO         3253    i.UART_DMAAbortOnError  stm32f4xx_hal_uart.o
    0x08008d08   0x08008d08   0x0000004e   Code   RO         3263    i.UART_EndRxTransfer  stm32f4xx_hal_uart.o
    0x08008d56   0x08008d56   0x00000002   PAD
    0x08008d58   0x08008d58   0x000000f8   Code   RO           25    i.UART_Poll_Receive  main.o
    0x08008e50   0x08008e50   0x000000c2   Code   RO         3265    i.UART_Receive_IT   stm32f4xx_hal_uart.o
    0x08008f12   0x08008f12   0x00000002   PAD
    0x08008f14   0x08008f14   0x00000064   Code   RO           26    i.UART_SendHex      main.o
    0x08008f78   0x08008f78   0x00000030   Code   RO           27    i.UART_SendLine     main.o
    0x08008fa8   0x08008fa8   0x00000020   Code   RO           28    i.UART_SendString   main.o
    0x08008fc8   0x08008fc8   0x0000010c   Code   RO         3266    i.UART_SetConfig    stm32f4xx_hal_uart.o
    0x080090d4   0x080090d4   0x00000072   Code   RO         3269    i.UART_WaitOnFlagUntilTimeout  stm32f4xx_hal_uart.o
    0x08009146   0x08009146   0x00000002   PAD
    0x08009148   0x08009148   0x0000000c   Code   RO          629    i.USART1_IRQHandler  stm32f4xx_it.o
    0x08009154   0x08009154   0x000000d0   Code   RO           29    i.Update_LED_Status  main.o
    0x08009224   0x08009224   0x00000002   Code   RO          630    i.UsageFault_Handler  stm32f4xx_it.o
    0x08009226   0x08009226   0x00000002   PAD
    0x08009228   0x08009228   0x00000020   Code   RO         4560    i.__0printf         mc_w.l(printfa.o)
    0x08009248   0x08009248   0x00000034   Code   RO         4561    i.__0snprintf       mc_w.l(printfa.o)
    0x0800927c   0x0800927c   0x00000028   Code   RO         4562    i.__0sprintf        mc_w.l(printfa.o)
    0x080092a4   0x080092a4   0x00000020   Code   RO         1497    i.__NVIC_SetPriority  stm32f4xx_hal_cortex.o
    0x080092c4   0x080092c4   0x00000004   PAD
    0x080092c8   0x080092c8   0x00000038   Code   RO         4302    i.__hardfp_atof     m_wm.l(atof.o)
    0x08009300   0x08009300   0x0000000c   Code   RO         4615    i.__read_errno      mc_w.l(errno.o)
    0x0800930c   0x0800930c   0x0000000e   Code   RO         4657    i.__scatterload_copy  mc_w.l(handlers.o)
    0x0800931a   0x0800931a   0x00000002   Code   RO         4658    i.__scatterload_null  mc_w.l(handlers.o)
    0x0800931c   0x0800931c   0x0000000e   Code   RO         4659    i.__scatterload_zeroinit  mc_w.l(handlers.o)
    0x0800932a   0x0800932a   0x00000002   PAD
    0x0800932c   0x0800932c   0x0000000c   Code   RO         4616    i.__set_errno       mc_w.l(errno.o)
    0x08009338   0x08009338   0x00000184   Code   RO         4567    i._fp_digits        mc_w.l(printfa.o)
    0x080094bc   0x080094bc   0x0000000e   Code   RO         4644    i._is_digit         mc_w.l(scanf_fp.o)
    0x080094ca   0x080094ca   0x00000002   PAD
    0x080094cc   0x080094cc   0x0000000c   Code   RO         4120    i._osal_gettick_us  osal_stm32.o
    0x080094d8   0x080094d8   0x000006b4   Code   RO         4568    i._printf_core      mc_w.l(printfa.o)
    0x08009b8c   0x08009b8c   0x00000024   Code   RO         4569    i._printf_post_padding  mc_w.l(printfa.o)
    0x08009bb0   0x08009bb0   0x0000002e   Code   RO         4570    i._printf_pre_padding  mc_w.l(printfa.o)
    0x08009bde   0x08009bde   0x00000016   Code   RO         4571    i._snputc           mc_w.l(printfa.o)
    0x08009bf4   0x08009bf4   0x0000000a   Code   RO         4572    i._sputc            mc_w.l(printfa.o)
    0x08009bfe   0x08009bfe   0x00000002   PAD
    0x08009c00   0x08009c00   0x00000424   Code   RO         4092    i.ec_ALstatuscode2string  ethercatprint.o
    0x0800a024   0x0800a024   0x00000008   Code   RO         3933    i.ec_clearmbx       ethercatcoe.o
    0x0800a02c   0x0800a02c   0x0000000c   Code   RO         3611    i.ec_close          ethercatmain.o
    0x0800a038   0x0800a038   0x0000000c   Code   RO         3612    i.ec_config_init    ethercatmain.o
    0x0800a044   0x0800a044   0x00000010   Code   RO         3614    i.ec_config_map_group  ethercatmain.o
    0x0800a054   0x0800a054   0x00000020   Code   RO         3615    i.ec_init           ethercatmain.o
    0x0800a074   0x0800a074   0x0000000c   Code   RO         3934    i.ec_nextmbxcnt     ethercatcoe.o
    0x0800a080   0x0800a080   0x0000000c   Code   RO         3616    i.ec_readstate      ethercatmain.o
    0x0800a08c   0x0800a08c   0x00000008   Code   RO         3617    i.ec_receive_processdata  ethercatmain.o
    0x0800a094   0x0800a094   0x00000010   Code   RO         3618    i.ec_receive_processdata_group  ethercatmain.o
    0x0800a0a4   0x0800a0a4   0x00000006   Code   RO         3621    i.ec_send_processdata  ethercatmain.o
    0x0800a0aa   0x0800a0aa   0x00000002   PAD
    0x0800a0ac   0x0800a0ac   0x0000000c   Code   RO         3622    i.ec_send_processdata_group  ethercatmain.o
    0x0800a0b8   0x0800a0b8   0x0000000c   Code   RO         3624    i.ec_writestate     ethercatmain.o
    0x0800a0c4   0x0800a0c4   0x00000016   Code   RO         3795    i.ecx_APWR          ethercatbase.o
    0x0800a0da   0x0800a0da   0x00000016   Code   RO         3796    i.ecx_BRD           ethercatbase.o
    0x0800a0f0   0x0800a0f0   0x00000016   Code   RO         3797    i.ecx_BWR           ethercatbase.o
    0x0800a106   0x0800a106   0x00000016   Code   RO         3798    i.ecx_FPRD          ethercatbase.o
    0x0800a11c   0x0800a11c   0x00000016   Code   RO         3800    i.ecx_FPWR          ethercatbase.o
    0x0800a132   0x0800a132   0x00000014   Code   RO         3802    i.ecx_LRD           ethercatbase.o
    0x0800a146   0x0800a146   0x00000014   Code   RO         3805    i.ecx_LWR           ethercatbase.o
    0x0800a15a   0x0800a15a   0x00000002   PAD
    0x0800a15c   0x0800a15c   0x00000518   Code   RO         3939    i.ecx_SDOread       ethercatcoe.o
    0x0800a674   0x0800a674   0x0000007c   Code   RO         3806    i.ecx_adddatagram   ethercatbase.o
    0x0800a6f0   0x0800a6f0   0x0000000c   Code   RO         4188    i.ecx_closenic      nicdrv_stm32.o
    0x0800a6fc   0x0800a6fc   0x000000e2   Code   RO         3807    i.ecx_command       ethercatbase.o
    0x0800a7de   0x0800a7de   0x00000002   PAD
    0x0800a7e0   0x0800a7e0   0x00000168   Code   RO         3626    i.ecx_config_init   ethercatmain.o
    0x0800a948   0x0800a948   0x0000025a   Code   RO         3627    i.ecx_config_map_group  ethercatmain.o
    0x0800aba2   0x0800aba2   0x000000b8   Code   RO         4054    i.ecx_dcsync0       ethercatdc.o
    0x0800ac5a   0x0800ac5a   0x00000002   PAD
    0x0800ac5c   0x0800ac5c   0x00000048   Code   RO         4189    i.ecx_getindex      nicdrv_stm32.o
    0x0800aca4   0x0800aca4   0x00000058   Code   RO         3629    i.ecx_init_context  ethercatmain.o
    0x0800acfc   0x0800acfc   0x0000031c   Code   RO         3941    i.ecx_mbxreceive_local  ethercatcoe.o
    0x0800b018   0x0800b018   0x000005c4   Code   RO         3942    i.ecx_mbxsend_local  ethercatcoe.o
    0x0800b5dc   0x0800b5dc   0x0000009c   Code   RO         4190    i.ecx_outframe      nicdrv_stm32.o
    0x0800b678   0x0800b678   0x000000c4   Code   RO         3630    i.ecx_read_slavename  ethercatmain.o
    0x0800b73c   0x0800b73c   0x000000b6   Code   RO         3631    i.ecx_readeeprom    ethercatmain.o
    0x0800b7f2   0x0800b7f2   0x00000002   PAD
    0x0800b7f4   0x0800b7f4   0x00000068   Code   RO         3632    i.ecx_readstate     ethercatmain.o
    0x0800b85c   0x0800b85c   0x00000062   Code   RO         4192    i.ecx_receive_packet  nicdrv_stm32.o
    0x0800b8be   0x0800b8be   0x00000002   PAD
    0x0800b8c0   0x0800b8c0   0x00000090   Code   RO         4193    i.ecx_receive_poll  nicdrv_stm32.o
    0x0800b950   0x0800b950   0x000000b0   Code   RO         3633    i.ecx_receive_processdata_group  ethercatmain.o
    0x0800ba00   0x0800ba00   0x00000184   Code   RO         3634    i.ecx_send_processdata_group  ethercatmain.o
    0x0800bb84   0x0800bb84   0x0000000e   Code   RO         4194    i.ecx_setbufstat    nicdrv_stm32.o
    0x0800bb92   0x0800bb92   0x00000002   PAD
    0x0800bb94   0x0800bb94   0x00000088   Code   RO         3808    i.ecx_setupdatagram  ethercatbase.o
    0x0800bc1c   0x0800bc1c   0x000000bc   Code   RO         4195    i.ecx_setupnic      nicdrv_stm32.o
    0x0800bcd8   0x0800bcd8   0x00000054   Code   RO         4197    i.ecx_waitinframe   nicdrv_stm32.o
    0x0800bd2c   0x0800bd2c   0x00000046   Code   RO         3636    i.ecx_writestate    ethercatmain.o
    0x0800bd72   0x0800bd72   0x00000002   Code   RO         3809    i.etohl             ethercatbase.o
    0x0800bd74   0x0800bd74   0x00000002   Code   RO         3811    i.etohs             ethercatbase.o
    0x0800bd76   0x0800bd76   0x00000002   PAD
    0x0800bd78   0x0800bd78   0x00000014   Code   RO          551    i.fputc             usart.o
    0x0800bd8c   0x0800bd8c   0x00000002   Code   RO         3813    i.htoell            ethercatbase.o
    0x0800bd8e   0x0800bd8e   0x00000002   Code   RO         3814    i.htoes             ethercatbase.o
    0x0800bd90   0x0800bd90   0x00000454   Code   RO           31    i.main              main.o
    0x0800c1e4   0x0800c1e4   0x00000020   Code   RO         4121    i.osal_current_time  osal_stm32.o
    0x0800c204   0x0800c204   0x00000024   Code   RO         4125    i.osal_timer_is_expired  osal_stm32.o
    0x0800c228   0x0800c228   0x00000040   Code   RO         4126    i.osal_timer_start  osal_stm32.o
    0x0800c268   0x0800c268   0x0000002c   Code   RO         4127    i.osal_usleep       osal_stm32.o
    0x0800c294   0x0800c294   0x00000004   Code   RO         4200    i.oshw_htons        nicdrv_stm32.o
    0x0800c298   0x0800c298   0x00000008   Data   RO           33    .constdata          main.o
    0x0800c2a0   0x0800c2a0   0x00000010   Data   RO         3575    .constdata          system_stm32f4xx.o
    0x0800c2b0   0x0800c2b0   0x00000008   Data   RO         3576    .constdata          system_stm32f4xx.o
    0x0800c2b8   0x0800c2b8   0x0000000c   Data   RO         3815    .constdata          ethercatbase.o
    0x0800c2c4   0x0800c2c4   0x00000040   Data   RO         4651    .constdata          mc_w.l(ctype_c.o)
    0x0800c304   0x0800c304   0x00000381   Data   RO           34    .conststring        main.o
    0x0800c685   0x0800c685   0x00000003   PAD
    0x0800c688   0x0800c688   0x00000044   Data   RO         3638    .conststring        ethercatmain.o
    0x0800c6cc   0x0800c6cc   0x00000030   Data   RO         4655    Region$$Table       anon$$obj.o


    Execution Region RW_IRAM1 (Exec base: 0x20000000, Load base: 0x0800c6fc, Size: 0x0001a000, Max: 0x0001c000, ABSOLUTE)

    Exec Addr    Load Addr    Size         Type   Attr      Idx    E Section Name        Object

    0x20000000        -       0x000017e0   Zero   RW          342    .bss                eth.o
    0x200017e0        -       0x000102b4   Zero   RW         3637    .bss                ethercatmain.o
    0x20011a94        -       0x0000656c   Zero   RW         4203    .bss                nicdrv_stm32.o
    0x20018000        -       0x00002000   Zero   RW            1    STACK               startup_stm32f407xx.o


    Execution Region RW_IRAM2 (Exec base: 0x2001c000, Load base: 0x0800c6fc, Size: 0x00001cbc, Max: 0x00004000, ABSOLUTE)

    Exec Addr    Load Addr    Size         Type   Attr      Idx    E Section Name        Object

    0x2001c000   0x0800c6fc   0x000000ca   Data   RW           35    .data               main.o
    0x2001c0ca   0x0800c7c6   0x00000002   PAD
    0x2001c0cc   0x0800c7c8   0x0000000e   Data   RW          343    .data               eth.o
    0x2001c0da   0x0800c7d6   0x00000002   PAD
    0x2001c0dc   0x0800c7d8   0x00000004   Data   RW          553    .data               usart.o
    0x2001c0e0   0x0800c7dc   0x0000000c   Data   RW         1656    .data               stm32f4xx_hal.o
    0x2001c0ec   0x0800c7e8   0x00000004   Data   RW         3577    .data               system_stm32f4xx.o
    0x2001c0f0   0x0800c7ec   0x00000018   Data   RW         3639    .data               ethercatmain.o
    0x2001c108   0x0800c804   0x00000004   Data   RW         4617    .data               mc_w.l(errno.o)
    0x2001c10c        -       0x00000050   Zero   RW           32    .bss                main.o
    0x2001c15c        -       0x00001a88   Zero   RW          341    .bss                eth.o
    0x2001dbe4        -       0x00000090   Zero   RW          501    .bss                tim.o
    0x2001dc74        -       0x00000048   Zero   RW          552    .bss                usart.o


==============================================================================

Image component sizes


      Code (inc. data)   RO Data    RW Data    ZI Data      Debug   Object Name

      1138        408          0         14      12904     594986   eth.o
       644          6         12          0          0      10675   ethercatbase.o
      3596       1388          0          0          0       7846   ethercatcoe.o
       184          0          0          0          0       1242   ethercatdc.o
      2304        236         68         24      66228      18189   ethercatmain.o
      1060        846          0          0          0       1365   ethercatprint.o
       156          8          0          0          0       1031   gpio.o
     25820      12418        905        202         80     750581   main.o
       772         30          0          0      25964      39160   nicdrv_stm32.o
       188         18          0          0          0       3531   osal_stm32.o
        36          8        392          0       8192        852   startup_stm32f407xx.o
       180         28          0         12          0       9549   stm32f4xx_hal.o
       232         14          0          0          0      34649   stm32f4xx_hal_cortex.o
       182          0          0          0          0       2147   stm32f4xx_hal_dma.o
      2278         54          0          0          0      17794   stm32f4xx_hal_eth.o
       532         46          0          0          0       3576   stm32f4xx_hal_gpio.o
        48          6          0          0          0        894   stm32f4xx_hal_msp.o
      1344         72          0          0          0       5356   stm32f4xx_hal_rcc.o
      1058         74          0          0          0      11114   stm32f4xx_hal_tim.o
       148         28          0          0          0       2553   stm32f4xx_hal_tim_ex.o
      1576         14          0          0          0      10760   stm32f4xx_hal_uart.o
        82         22          0          0          0       5781   stm32f4xx_it.o
        16          4         24          4          0       1175   system_stm32f4xx.o
       260         24          0          0        144       2415   tim.o
       184         28          0          4         72       3606   usart.o

    ----------------------------------------------------------------------
     44072      15780       1452        264     113584    1540827   Object Totals
         0          0         48          0          0          0   (incl. Generated)
        54          0          3          4          0          0   (incl. Padding)

    ----------------------------------------------------------------------

      Code (inc. data)   RO Data    RW Data    ZI Data      Debug   Library Member Name

        56         12          0          0          0        132   atof.o
        64          0          0          0          0         84   _sgetc.o
        40          6         64          0          0         68   ctype_c.o
         0          0          0          0          0          0   entry.o
         0          0          0          0          0          0   entry10a.o
         0          0          0          0          0          0   entry11a.o
         4          0          0          0          0          0   entry12b.o
         8          4          0          0          0          0   entry2.o
         4          0          0          0          0          0   entry5.o
         0          0          0          0          0          0   entry7b.o
         0          0          0          0          0          0   entry8b.o
         8          4          0          0          0          0   entry9a.o
        24         12          0          4          0        136   errno.o
        30          0          0          0          0          0   handlers.o
        36          8          0          0          0         68   init.o
        10          0          0          0          0         68   isspace_c.o
         0          0          0          0          0          0   iusefp.o
        30          0          0          0          0         68   llshl.o
        36          0          0          0          0         68   llsshr.o
        32          0          0          0          0         68   llushr.o
        36          0          0          0          0         68   memcpya.o
        36          0          0          0          0        108   memseta.o
      2342        100          0          0          0        772   printfa.o
       878         12          0          0          0        216   scanf_fp.o
        28          0          0          0          0         76   strcmp.o
        14          0          0          0          0         68   strlen.o
        30          0          0          0          0         80   strncmp.o
       156         12          0          0          0        120   strtod.o
        44          0          0          0          0         80   uidiv.o
        98          0          0          0          0         92   uldiv.o
        48          0          0          0          0         68   cdrcmple.o
        56          0          0          0          0         88   d2f.o
       334          0          0          0          0        148   dadd.o
       222          0          0          0          0        100   ddiv.o
       186          0          0          0          0        176   depilogue.o
        48          0          0          0          0         68   dfixul.o
        24          0          0          0          0         76   dfltul.o
       228          0          0          0          0         96   dmul.o
        38          0          0          0          0         68   f2d.o
       110          0          0          0          0        168   fepilogue.o

    ----------------------------------------------------------------------
      5352        170         64          4          0       3496   Library Totals
        14          0          0          0          0          0   (incl. Padding)

    ----------------------------------------------------------------------

      Code (inc. data)   RO Data    RW Data    ZI Data      Debug   Library Name

        56         12          0          0          0        132   m_wm.l
      3988        158         64          4          0       2308   mc_w.l
      1294          0          0          0          0       1056   mf_w.l

    ----------------------------------------------------------------------
      5352        170         64          4          0       3496   Library Totals

    ----------------------------------------------------------------------

==============================================================================


      Code (inc. data)   RO Data    RW Data    ZI Data      Debug   

     49424      15950       1516        268     113584    1526759   Grand Totals
     49424      15950       1516        268     113584    1526759   ELF Image Totals
     49424      15950       1516        268          0          0   ROM Totals

==============================================================================

    Total RO  Size (Code + RO Data)                50940 (  49.75kB)
    Total RW  Size (RW Data + ZI Data)            113852 ( 111.18kB)
    Total ROM Size (Code + RO Data + RW Data)      51208 (  50.01kB)

==============================================================================

